Archive member included to satisfy reference by file (symbol)

d:/stm32/gcc-arm-none-eabi-10-2020-q4-major/bin/../lib/gcc/arm-none-eabi/10.2.1/thumb/v7e-m/nofp\libgcc.a(_aeabi_uldivmod.o)
                              CMakeFiles/STM32_SDCARD.elf.dir/Drivers/STM32F4xx_HAL_Driver/Src/stm32f4xx_hal_rcc.c.obj (__aeabi_uldivmod)
d:/stm32/gcc-arm-none-eabi-10-2020-q4-major/bin/../lib/gcc/arm-none-eabi/10.2.1/thumb/v7e-m/nofp\libgcc.a(_udivmoddi4.o)
                              d:/stm32/gcc-arm-none-eabi-10-2020-q4-major/bin/../lib/gcc/arm-none-eabi/10.2.1/thumb/v7e-m/nofp\libgcc.a(_aeabi_uldivmod.o) (__udivmoddi4)
d:/stm32/gcc-arm-none-eabi-10-2020-q4-major/bin/../lib/gcc/arm-none-eabi/10.2.1/thumb/v7e-m/nofp\libgcc.a(_dvmd_tls.o)
                              d:/stm32/gcc-arm-none-eabi-10-2020-q4-major/bin/../lib/gcc/arm-none-eabi/10.2.1/thumb/v7e-m/nofp\libgcc.a(_aeabi_uldivmod.o) (__aeabi_ldiv0)
d:/stm32/gcc-arm-none-eabi-10-2020-q4-major/bin/../lib/gcc/arm-none-eabi/10.2.1/../../../../arm-none-eabi/lib/thumb/v7e-m/nofp\libg.a(lib_a-errno.o)
                              CMakeFiles/STM32_SDCARD.elf.dir/Core/Src/syscalls.c.obj (__errno)
d:/stm32/gcc-arm-none-eabi-10-2020-q4-major/bin/../lib/gcc/arm-none-eabi/10.2.1/../../../../arm-none-eabi/lib/thumb/v7e-m/nofp\libg.a(lib_a-exit.o)
                              d:/stm32/gcc-arm-none-eabi-10-2020-q4-major/bin/../lib/gcc/arm-none-eabi/10.2.1/../../../../arm-none-eabi/lib/thumb/v7e-m/nofp/crt0.o (exit)
d:/stm32/gcc-arm-none-eabi-10-2020-q4-major/bin/../lib/gcc/arm-none-eabi/10.2.1/../../../../arm-none-eabi/lib/thumb/v7e-m/nofp\libg.a(lib_a-impure.o)
                              d:/stm32/gcc-arm-none-eabi-10-2020-q4-major/bin/../lib/gcc/arm-none-eabi/10.2.1/../../../../arm-none-eabi/lib/thumb/v7e-m/nofp\libg.a(lib_a-exit.o) (_global_impure_ptr)
d:/stm32/gcc-arm-none-eabi-10-2020-q4-major/bin/../lib/gcc/arm-none-eabi/10.2.1/../../../../arm-none-eabi/lib/thumb/v7e-m/nofp\libg.a(lib_a-init.o)
                              d:/stm32/gcc-arm-none-eabi-10-2020-q4-major/bin/../lib/gcc/arm-none-eabi/10.2.1/../../../../arm-none-eabi/lib/thumb/v7e-m/nofp/crt0.o (__libc_init_array)
d:/stm32/gcc-arm-none-eabi-10-2020-q4-major/bin/../lib/gcc/arm-none-eabi/10.2.1/../../../../arm-none-eabi/lib/thumb/v7e-m/nofp\libg.a(lib_a-malloc.o)
                              CMakeFiles/STM32_SDCARD.elf.dir/Core/Src/sdcard.c.obj (malloc)
d:/stm32/gcc-arm-none-eabi-10-2020-q4-major/bin/../lib/gcc/arm-none-eabi/10.2.1/../../../../arm-none-eabi/lib/thumb/v7e-m/nofp\libg.a(lib_a-mallocr.o)
                              d:/stm32/gcc-arm-none-eabi-10-2020-q4-major/bin/../lib/gcc/arm-none-eabi/10.2.1/../../../../arm-none-eabi/lib/thumb/v7e-m/nofp\libg.a(lib_a-malloc.o) (_malloc_r)
d:/stm32/gcc-arm-none-eabi-10-2020-q4-major/bin/../lib/gcc/arm-none-eabi/10.2.1/../../../../arm-none-eabi/lib/thumb/v7e-m/nofp\libg.a(lib_a-memset.o)
                              d:/stm32/gcc-arm-none-eabi-10-2020-q4-major/bin/../lib/gcc/arm-none-eabi/10.2.1/../../../../arm-none-eabi/lib/thumb/v7e-m/nofp/crt0.o (memset)
d:/stm32/gcc-arm-none-eabi-10-2020-q4-major/bin/../lib/gcc/arm-none-eabi/10.2.1/../../../../arm-none-eabi/lib/thumb/v7e-m/nofp\libg.a(lib_a-mlock.o)
                              d:/stm32/gcc-arm-none-eabi-10-2020-q4-major/bin/../lib/gcc/arm-none-eabi/10.2.1/../../../../arm-none-eabi/lib/thumb/v7e-m/nofp\libg.a(lib_a-mallocr.o) (__malloc_lock)
d:/stm32/gcc-arm-none-eabi-10-2020-q4-major/bin/../lib/gcc/arm-none-eabi/10.2.1/../../../../arm-none-eabi/lib/thumb/v7e-m/nofp\libg.a(lib_a-printf.o)
                              CMakeFiles/STM32_SDCARD.elf.dir/Core/Src/nes.c.obj (printf)
d:/stm32/gcc-arm-none-eabi-10-2020-q4-major/bin/../lib/gcc/arm-none-eabi/10.2.1/../../../../arm-none-eabi/lib/thumb/v7e-m/nofp\libg.a(lib_a-putchar.o)
                              CMakeFiles/STM32_SDCARD.elf.dir/Core/Src/nes.c.obj (putchar)
d:/stm32/gcc-arm-none-eabi-10-2020-q4-major/bin/../lib/gcc/arm-none-eabi/10.2.1/../../../../arm-none-eabi/lib/thumb/v7e-m/nofp\libg.a(lib_a-sbrkr.o)
                              d:/stm32/gcc-arm-none-eabi-10-2020-q4-major/bin/../lib/gcc/arm-none-eabi/10.2.1/../../../../arm-none-eabi/lib/thumb/v7e-m/nofp\libg.a(lib_a-mallocr.o) (_sbrk_r)
d:/stm32/gcc-arm-none-eabi-10-2020-q4-major/bin/../lib/gcc/arm-none-eabi/10.2.1/../../../../arm-none-eabi/lib/thumb/v7e-m/nofp\libg.a(lib_a-vfprintf.o)
                              d:/stm32/gcc-arm-none-eabi-10-2020-q4-major/bin/../lib/gcc/arm-none-eabi/10.2.1/../../../../arm-none-eabi/lib/thumb/v7e-m/nofp\libg.a(lib_a-printf.o) (_vfprintf_r)
d:/stm32/gcc-arm-none-eabi-10-2020-q4-major/bin/../lib/gcc/arm-none-eabi/10.2.1/../../../../arm-none-eabi/lib/thumb/v7e-m/nofp\libg.a(lib_a-wsetup.o)
                              d:/stm32/gcc-arm-none-eabi-10-2020-q4-major/bin/../lib/gcc/arm-none-eabi/10.2.1/../../../../arm-none-eabi/lib/thumb/v7e-m/nofp\libg.a(lib_a-vfprintf.o) (__swsetup_r)
[...]
Memory Configuration

Name             Origin             Length             Attributes
RAM              0x20000000         0x00020000         xrw
FLASH            0x08000000         0x00080000         xr
*default*        0x00000000         0xffffffff

Linker script and memory map

LOAD d:/stm32/gcc-arm-none-eabi-10-2020-q4-major/bin/../lib/gcc/arm-none-eabi/10.2.1/thumb/v7e-m/nofp/crti.o
LOAD d:/stm32/gcc-arm-none-eabi-10-2020-q4-major/bin/../lib/gcc/arm-none-eabi/10.2.1/thumb/v7e-m/nofp/crtbegin.o
LOAD d:/stm32/gcc-arm-none-eabi-10-2020-q4-major/bin/../lib/gcc/arm-none-eabi/10.2.1/../../../../arm-none-eabi/lib/thumb/v7e-m/nofp/crt0.o
LOAD CMakeFiles/STM32_SDCARD.elf.dir/Core/Src/ILI9341.c.obj
LOAD CMakeFiles/STM32_SDCARD.elf.dir/Core/Src/flash.c.obj
LOAD CMakeFiles/STM32_SDCARD.elf.dir/Core/Src/gpio.c.obj
LOAD CMakeFiles/STM32_SDCARD.elf.dir/Core/Src/led.c.obj
LOAD CMakeFiles/STM32_SDCARD.elf.dir/Core/Src/main.c.obj
LOAD CMakeFiles/STM32_SDCARD.elf.dir/Core/Src/nes.c.obj
LOAD CMakeFiles/STM32_SDCARD.elf.dir/Core/Src/sdcard.c.obj
LOAD CMakeFiles/STM32_SDCARD.elf.dir/Core/Src/spi.c.obj
LOAD CMakeFiles/STM32_SDCARD.elf.dir/Core/Src/stm32f4xx_hal_msp.c.obj
LOAD CMakeFiles/STM32_SDCARD.elf.dir/Core/Src/stm32f4xx_it.c.obj
LOAD CMakeFiles/STM32_SDCARD.elf.dir/Core/Src/syscalls.c.obj
LOAD CMakeFiles/STM32_SDCARD.elf.dir/Core/Src/system_stm32f4xx.c.obj
LOAD CMakeFiles/STM32_SDCARD.elf.dir/Core/Src/usart.c.obj
LOAD CMakeFiles/STM32_SDCARD.elf.dir/Drivers/STM32F4xx_HAL_Driver/Src/stm32f4xx_hal.c.obj
LOAD CMakeFiles/STM32_SDCARD.elf.dir/Drivers/STM32F4xx_HAL_Driver/Src/stm32f4xx_hal_cortex.c.obj
LOAD CMakeFiles/STM32_SDCARD.elf.dir/Drivers/STM32F4xx_HAL_Driver/Src/stm32f4xx_hal_dma.c.obj
LOAD CMakeFiles/STM32_SDCARD.elf.dir/Drivers/STM32F4xx_HAL_Driver/Src/stm32f4xx_hal_dma_ex.c.obj
LOAD CMakeFiles/STM32_SDCARD.elf.dir/Drivers/STM32F4xx_HAL_Driver/Src/stm32f4xx_hal_exti.c.obj
LOAD CMakeFiles/STM32_SDCARD.elf.dir/Drivers/STM32F4xx_HAL_Driver/Src/stm32f4xx_hal_flash.c.obj
LOAD CMakeFiles/STM32_SDCARD.elf.dir/Drivers/STM32F4xx_HAL_Driver/Src/stm32f4xx_hal_flash_ex.c.obj
LOAD CMakeFiles/STM32_SDCARD.elf.dir/Drivers/STM32F4xx_HAL_Driver/Src/stm32f4xx_hal_flash_ramfunc.c.obj
LOAD CMakeFiles/STM32_SDCARD.elf.dir/Drivers/STM32F4xx_HAL_Driver/Src/stm32f4xx_hal_gpio.c.obj
LOAD CMakeFiles/STM32_SDCARD.elf.dir/Drivers/STM32F4xx_HAL_Driver/Src/stm32f4xx_hal_pwr.c.obj
LOAD CMakeFiles/STM32_SDCARD.elf.dir/Drivers/STM32F4xx_HAL_Driver/Src/stm32f4xx_hal_pwr_ex.c.obj
LOAD CMakeFiles/STM32_SDCARD.elf.dir/Drivers/STM32F4xx_HAL_Driver/Src/stm32f4xx_hal_rcc.c.obj
LOAD CMakeFiles/STM32_SDCARD.elf.dir/Drivers/STM32F4xx_HAL_Driver/Src/stm32f4xx_hal_rcc_ex.c.obj
LOAD CMakeFiles/STM32_SDCARD.elf.dir/Drivers/STM32F4xx_HAL_Driver/Src/stm32f4xx_hal_spi.c.obj
LOAD CMakeFiles/STM32_SDCARD.elf.dir/Drivers/STM32F4xx_HAL_Driver/Src/stm32f4xx_hal_tim.c.obj
LOAD CMakeFiles/STM32_SDCARD.elf.dir/Drivers/STM32F4xx_HAL_Driver/Src/stm32f4xx_hal_tim_ex.c.obj
LOAD CMakeFiles/STM32_SDCARD.elf.dir/Drivers/STM32F4xx_HAL_Driver/Src/stm32f4xx_hal_uart.c.obj
LOAD CMakeFiles/STM32_SDCARD.elf.dir/startup/startup_stm32f411xe.s.obj
START GROUP
LOAD d:/stm32/gcc-arm-none-eabi-10-2020-q4-major/bin/../lib/gcc/arm-none-eabi/10.2.1/thumb/v7e-m/nofp\libgcc.a
LOAD d:/stm32/gcc-arm-none-eabi-10-2020-q4-major/bin/../lib/gcc/arm-none-eabi/10.2.1/../../../../arm-none-eabi/lib/thumb/v7e-m/nofp\libg.a
LOAD d:/stm32/gcc-arm-none-eabi-10-2020-q4-major/bin/../lib/gcc/arm-none-eabi/10.2.1/../../../../arm-none-eabi/lib/thumb/v7e-m/nofp\libc.a
END GROUP
LOAD d:/stm32/gcc-arm-none-eabi-10-2020-q4-major/bin/../lib/gcc/arm-none-eabi/10.2.1/thumb/v7e-m/nofp/crtend.o
LOAD d:/stm32/gcc-arm-none-eabi-10-2020-q4-major/bin/../lib/gcc/arm-none-eabi/10.2.1/thumb/v7e-m/nofp/crtn.o
                0x20020000                _estack = 0x20020000
                0x00000200                _Min_Heap_Size = 0x200
                0x00000400                _Min_Stack_Size = 0x400

.isr_vector     0x08000000      0x198
                0x08000000                . = ALIGN (0x4)
 *(.isr_vector)
 .isr_vector    0x08000000      0x198 CMakeFiles/STM32_SDCARD.elf.dir/startup/startup_stm32f411xe.s.obj
                0x08000000                g_pfnVectors
                0x08000198                . = ALIGN (0x4)

.text           0x080001c0     0xa7e4
                0x080001c0                . = ALIGN (0x4)
 *(.text)
 .text          0x080001c0       0x40 d:/stm32/gcc-arm-none-eabi-10-2020-q4-major/bin/../lib/gcc/arm-none-eabi/10.2.1/thumb/v7e-m/nofp/crtbegin.o
 .text          0x08000200       0x30 d:/stm32/gcc-arm-none-eabi-10-2020-q4-major/bin/../lib/gcc/arm-none-eabi/10.2.1/thumb/v7e-m/nofp\libgcc.a(_aeabi_uldivmod.o)
                0x08000200                __aeabi_uldivmod
 .text          0x08000230      0x2d0 d:/stm32/gcc-arm-none-eabi-10-2020-q4-major/bin/../lib/gcc/arm-none-eabi/10.2.1/thumb/v7e-m/nofp\libgcc.a(_udivmoddi4.o)
                0x08000230                __udivmoddi4
 .text          0x08000500        0x4 d:/stm32/gcc-arm-none-eabi-10-2020-q4-major/bin/../lib/gcc/arm-none-eabi/10.2.1/thumb/v7e-m/nofp\libgcc.a(_dvmd_tls.o)
                0x08000500                __aeabi_idiv0
                0x08000500                __aeabi_ldiv0
 *fill*         0x08000504        0xc 
 .text          0x08000510       0xa0 d:/stm32/gcc-arm-none-eabi-10-2020-q4-major/bin/../lib/gcc/arm-none-eabi/10.2.1/../../../../arm-none-eabi/lib/thumb/v7e-m/nofp\libg.a(lib_a-memchr.o)
                0x08000510                memchr
 .text          0x080005b0      0x134 d:/stm32/gcc-arm-none-eabi-10-2020-q4-major/bin/../lib/gcc/arm-none-eabi/10.2.1/../../../../arm-none-eabi/lib/thumb/v7e-m/nofp\libg.a(lib_a-memcpy.o)
                0x080005b0                memcpy
 *fill*         0x080006e4       0x1c 
 .text          0x08000700       0xdc d:/stm32/gcc-arm-none-eabi-10-2020-q4-major/bin/../lib/gcc/arm-none-eabi/10.2.1/../../../../arm-none-eabi/lib/thumb/v7e-m/nofp\libg.a(lib_a-strlen.o)
                0x08000700                strlen
 .text          0x080007dc      0x378 d:/stm32/gcc-arm-none-eabi-10-2020-q4-major/bin/../lib/gcc/arm-none-eabi/10.2.1/thumb/v7e-m/nofp\libgcc.a(_arm_addsubdf3.o)
                0x080007dc                __aeabi_drsub
                0x080007e4                __aeabi_dsub
                0x080007e4                __subdf3
                0x080007e8                __aeabi_dadd
                0x080007e8                __adddf3
                0x08000a60                __floatunsidf
                0x08000a60                __aeabi_ui2d
                0x08000a80                __floatsidf
                0x08000a80                __aeabi_i2d
                0x08000aa4                __aeabi_f2d
                0x08000aa4                __extendsfdf2
                0x08000ae8                __floatundidf
                0x08000ae8                __aeabi_ul2d
                0x08000af8                __floatdidf
                0x08000af8                __aeabi_l2d
 .text          0x08000b54      0x424 d:/stm32/gcc-arm-none-eabi-10-2020-q4-major/bin/../lib/gcc/arm-none-eabi/10.2.1/thumb/v7e-m/nofp\libgcc.a(_arm_muldivdf3.o)
                0x08000b54                __aeabi_dmul
                0x08000b54                __muldf3
                0x08000da8                __divdf3
                0x08000da8                __aeabi_ddiv
 .text          0x08000f78      0x110 d:/stm32/gcc-arm-none-eabi-10-2020-q4-major/bin/../lib/gcc/arm-none-eabi/10.2.1/thumb/v7e-m/nofp\libgcc.a(_arm_cmpdf2.o)
                0x08000f78                __gtdf2
                0x08000f78                __gedf2
                0x08000f80                __ltdf2
                0x08000f80                __ledf2
                0x08000f88                __nedf2
                0x08000f88                __eqdf2
                0x08000f88                __cmpdf2
                0x08001004                __aeabi_cdrcmple
                0x08001014                __aeabi_cdcmpeq
                0x08001014                __aeabi_cdcmple
                0x08001024                __aeabi_dcmpeq
                0x08001038                __aeabi_dcmplt
                0x0800104c                __aeabi_dcmple
                0x08001060                __aeabi_dcmpge
                0x08001074                __aeabi_dcmpgt
 .text          0x08001088       0x2c d:/stm32/gcc-arm-none-eabi-10-2020-q4-major/bin/../lib/gcc/arm-none-eabi/10.2.1/thumb/v7e-m/nofp\libgcc.a(_arm_unorddf2.o)
                0x08001088                __unorddf2
                0x08001088                __aeabi_dcmpun
 .text          0x080010b4       0x50 d:/stm32/gcc-arm-none-eabi-10-2020-q4-major/bin/../lib/gcc/arm-none-eabi/10.2.1/thumb/v7e-m/nofp\libgcc.a(_arm_fixdfsi.o)
                0x080010b4                __aeabi_d2iz
                0x080010b4                __fixdfsi
 *(.text*)
 .text.LCD_WR_REG
                0x08001104       0x38 CMakeFiles/STM32_SDCARD.elf.dir/Core/Src/ILI9341.c.obj
                0x08001104                LCD_WR_REG
 .text.LCD_WR_DATA
                0x0800113c       0x38 CMakeFiles/STM32_SDCARD.elf.dir/Core/Src/ILI9341.c.obj
                0x0800113c                LCD_WR_DATA
 .text.LCD_SetRegion
                0x08001174       0x4e CMakeFiles/STM32_SDCARD.elf.dir/Core/Src/ILI9341.c.obj
                0x08001174                LCD_SetRegion
 *fill*         0x080011c2        0x2 
 .text.LCD_WR_CLEAR
                0x080011c4       0x58 CMakeFiles/STM32_SDCARD.elf.dir/Core/Src/ILI9341.c.obj
                0x080011c4                LCD_WR_CLEAR
 .text.ILI9341_Init
                0x0800121c      0x280 CMakeFiles/STM32_SDCARD.elf.dir/Core/Src/ILI9341.c.obj
                0x0800121c                ILI9341_Init
 .text.LCD_WR_POINT
                0x0800149c       0x38 CMakeFiles/STM32_SDCARD.elf.dir/Core/Src/ILI9341.c.obj
                0x0800149c                LCD_WR_POINT
 .text.LCD_W_POINT_CONTINUE
                0x080014d4       0x54 CMakeFiles/STM32_SDCARD.elf.dir/Core/Src/ILI9341.c.obj
                0x080014d4                LCD_W_POINT_CONTINUE
 .text.MX_GPIO_Init
                0x08001528       0xc4 CMakeFiles/STM32_SDCARD.elf.dir/Core/Src/gpio.c.obj
                0x08001528                MX_GPIO_Init
 .text.MX_DMA_Init
                0x080015ec       0x34 CMakeFiles/STM32_SDCARD.elf.dir/Core/Src/main.c.obj
 .text.Error_Handler
                0x08001620        0x4 CMakeFiles/STM32_SDCARD.elf.dir/Core/Src/main.c.obj
                0x08001620                Error_Handler
 .text.SystemClock_Config
                0x08001624       0xa4 CMakeFiles/STM32_SDCARD.elf.dir/Core/Src/main.c.obj
                0x08001624                SystemClock_Config
 .text.main     0x080016c8       0x24 CMakeFiles/STM32_SDCARD.elf.dir/Core/Src/main.c.obj
                0x080016c8                main
 .text._write   0x080016ec       0x1c CMakeFiles/STM32_SDCARD.elf.dir/Core/Src/nes.c.obj
                0x080016ec                _write
 .text.get_bit  0x08001708        0x8 CMakeFiles/STM32_SDCARD.elf.dir/Core/Src/nes.c.obj
                0x08001708                get_bit
 .text.set_bit  0x08001710       0x1c CMakeFiles/STM32_SDCARD.elf.dir/Core/Src/nes.c.obj
                0x08001710                set_bit
 .text.read_program
                0x0800172c       0x1c CMakeFiles/STM32_SDCARD.elf.dir/Core/Src/nes.c.obj
                0x0800172c                read_program
 .text.set_i    0x08001748        0xc CMakeFiles/STM32_SDCARD.elf.dir/Core/Src/nes.c.obj
                0x08001748                set_i
 .text.set_d    0x08001754        0xc CMakeFiles/STM32_SDCARD.elf.dir/Core/Src/nes.c.obj
                0x08001754                set_d
 .text.set_n    0x08001760       0x14 CMakeFiles/STM32_SDCARD.elf.dir/Core/Src/nes.c.obj
                0x08001760                set_n
 .text.set_z    0x08001774       0x10 CMakeFiles/STM32_SDCARD.elf.dir/Core/Src/nes.c.obj
                0x08001774                set_z
 .text.set_nz   0x08001784       0x10 CMakeFiles/STM32_SDCARD.elf.dir/Core/Src/nes.c.obj
                0x08001784                set_nz
 .text.set_v    0x08001794        0xc CMakeFiles/STM32_SDCARD.elf.dir/Core/Src/nes.c.obj
                0x08001794                set_v
 .text.p_read   0x080017a0       0x2c CMakeFiles/STM32_SDCARD.elf.dir/Core/Src/nes.c.obj
                0x080017a0                p_read
 .text.p_write  0x080017cc       0x40 CMakeFiles/STM32_SDCARD.elf.dir/Core/Src/nes.c.obj
                0x080017cc                p_write
 .text.p_write_spr
                0x0800180c        0xc CMakeFiles/STM32_SDCARD.elf.dir/Core/Src/nes.c.obj
                0x0800180c                p_write_spr
 .text.read     0x08001818       0xb8 CMakeFiles/STM32_SDCARD.elf.dir/Core/Src/nes.c.obj
                0x08001818                read
 .text.write    0x080018d0       0xf0 CMakeFiles/STM32_SDCARD.elf.dir/Core/Src/nes.c.obj
                0x080018d0                write
 .text.concat16
                0x080019c0        0xa CMakeFiles/STM32_SDCARD.elf.dir/Core/Src/nes.c.obj
                0x080019c0                concat16
 *fill*         0x080019ca        0x2 
 .text.ams_immed
                0x080019cc       0x18 CMakeFiles/STM32_SDCARD.elf.dir/Core/Src/nes.c.obj
                0x080019cc                ams_immed
 .text.ams_abs  0x080019e4       0x28 CMakeFiles/STM32_SDCARD.elf.dir/Core/Src/nes.c.obj
                0x080019e4                ams_abs
 .text.ams_abs_x
                0x08001a0c        0xe CMakeFiles/STM32_SDCARD.elf.dir/Core/Src/nes.c.obj
                0x08001a0c                ams_abs_x
 .text.ams_zero
                0x08001a1a        0x8 CMakeFiles/STM32_SDCARD.elf.dir/Core/Src/nes.c.obj
                0x08001a1a                ams_zero
 *fill*         0x08001a22        0x2 
 .text.ams_adc  0x08001a24       0x58 CMakeFiles/STM32_SDCARD.elf.dir/Core/Src/nes.c.obj
                0x08001a24                ams_adc
 .text.ams_sbc  0x08001a7c       0x60 CMakeFiles/STM32_SDCARD.elf.dir/Core/Src/nes.c.obj
                0x08001a7c                ams_sbc
 .text.ams_cmp  0x08001adc       0x3c CMakeFiles/STM32_SDCARD.elf.dir/Core/Src/nes.c.obj
                0x08001adc                ams_cmp
 .text.st_x     0x08001b18        0xa CMakeFiles/STM32_SDCARD.elf.dir/Core/Src/nes.c.obj
                0x08001b18                st_x
 *fill*         0x08001b22        0x2 
 .text.indirect
                0x08001b24       0x2c CMakeFiles/STM32_SDCARD.elf.dir/Core/Src/nes.c.obj
                0x08001b24                indirect
 .text.indirect_y
                0x08001b50       0x30 CMakeFiles/STM32_SDCARD.elf.dir/Core/Src/nes.c.obj
                0x08001b50                indirect_y
 .text.ams_and  0x08001b80       0x18 CMakeFiles/STM32_SDCARD.elf.dir/Core/Src/nes.c.obj
                0x08001b80                ams_and
 .text.push_stack
                0x08001b98       0x20 CMakeFiles/STM32_SDCARD.elf.dir/Core/Src/nes.c.obj
                0x08001b98                push_stack
 .text.push16_stack
                0x08001bb8       0x12 CMakeFiles/STM32_SDCARD.elf.dir/Core/Src/nes.c.obj
                0x08001bb8                push16_stack
 *fill*         0x08001bca        0x2 
 .text.pop8_stack
                0x08001bcc       0x1c CMakeFiles/STM32_SDCARD.elf.dir/Core/Src/nes.c.obj
                0x08001bcc                pop8_stack
 .text.pop16_stack
                0x08001be8       0x14 CMakeFiles/STM32_SDCARD.elf.dir/Core/Src/nes.c.obj
                0x08001be8                pop16_stack
 .text.flag_merge
                0x08001bfc       0x70 CMakeFiles/STM32_SDCARD.elf.dir/Core/Src/nes.c.obj
                0x08001bfc                flag_merge
 .text.flag_set
                0x08001c6c       0x54 CMakeFiles/STM32_SDCARD.elf.dir/Core/Src/nes.c.obj
                0x08001c6c                flag_set
 .text.interrupt_nmi
                0x08001cc0       0x50 CMakeFiles/STM32_SDCARD.elf.dir/Core/Src/nes.c.obj
                0x08001cc0                interrupt_nmi
 .text.getPatternColorHighData
                0x08001d10       0x68 CMakeFiles/STM32_SDCARD.elf.dir/Core/Src/nes.c.obj
                0x08001d10                getPatternColorHighData
 .text.render_name_table
                0x08001d78      0x170 CMakeFiles/STM32_SDCARD.elf.dir/Core/Src/nes.c.obj
                0x08001d78                render_name_table
 .text.renderSprite
                0x08001ee8      0x1e0 CMakeFiles/STM32_SDCARD.elf.dir/Core/Src/nes.c.obj
                0x08001ee8                renderSprite
 .text.ppu_render
                0x080020c8       0xd4 CMakeFiles/STM32_SDCARD.elf.dir/Core/Src/nes.c.obj
                0x080020c8                ppu_render
 .text.exec_instruction
                0x0800219c     0x10b8 CMakeFiles/STM32_SDCARD.elf.dir/Core/Src/nes.c.obj
                0x0800219c                exec_instruction
 .text.NES_Start
                0x08003254       0xb0 CMakeFiles/STM32_SDCARD.elf.dir/Core/Src/nes.c.obj
                0x08003254                NES_Start
 .text.Error_Handler2
                0x08003304        0x4 CMakeFiles/STM32_SDCARD.elf.dir/Core/Src/spi.c.obj
                0x08003304                Error_Handler2
 .text.Spi2_Write_Data
                0x08003308       0x24 CMakeFiles/STM32_SDCARD.elf.dir/Core/Src/spi.c.obj
                0x08003308                Spi2_Write_Data
 .text.Spi2_Write_Data_16
                0x0800332c       0x28 CMakeFiles/STM32_SDCARD.elf.dir/Core/Src/spi.c.obj
                0x0800332c                Spi2_Write_Data_16
 .text.MX_SPI2_Init
                0x08003354       0x40 CMakeFiles/STM32_SDCARD.elf.dir/Core/Src/spi.c.obj
                0x08003354                MX_SPI2_Init
 .text.HAL_MspInit
                0x08003394       0x38 CMakeFiles/STM32_SDCARD.elf.dir/Core/Src/stm32f4xx_hal_msp.c.obj
                0x08003394                HAL_MspInit
 .text.HAL_SPI_MspInit
                0x080033cc      0x104 CMakeFiles/STM32_SDCARD.elf.dir/Core/Src/stm32f4xx_hal_msp.c.obj
                0x080033cc                HAL_SPI_MspInit
 .text.HAL_UART_MspInit
                0x080034d0       0x70 CMakeFiles/STM32_SDCARD.elf.dir/Core/Src/stm32f4xx_hal_msp.c.obj
                0x080034d0                HAL_UART_MspInit
 .text.NMI_Handler
                0x08003540        0x2 CMakeFiles/STM32_SDCARD.elf.dir/Core/Src/stm32f4xx_it.c.obj
                0x08003540                NMI_Handler
 .text.HardFault_Handler
                0x08003542        0x2 CMakeFiles/STM32_SDCARD.elf.dir/Core/Src/stm32f4xx_it.c.obj
                0x08003542                HardFault_Handler
 .text.MemManage_Handler
                0x08003544        0x2 CMakeFiles/STM32_SDCARD.elf.dir/Core/Src/stm32f4xx_it.c.obj
                0x08003544                MemManage_Handler
 .text.BusFault_Handler
                0x08003546        0x2 CMakeFiles/STM32_SDCARD.elf.dir/Core/Src/stm32f4xx_it.c.obj
                0x08003546                BusFault_Handler
 .text.UsageFault_Handler
                0x08003548        0x2 CMakeFiles/STM32_SDCARD.elf.dir/Core/Src/stm32f4xx_it.c.obj
                0x08003548                UsageFault_Handler
 .text.SVC_Handler
                0x0800354a        0x2 CMakeFiles/STM32_SDCARD.elf.dir/Core/Src/stm32f4xx_it.c.obj
                0x0800354a                SVC_Handler
 .text.DebugMon_Handler
                0x0800354c        0x2 CMakeFiles/STM32_SDCARD.elf.dir/Core/Src/stm32f4xx_it.c.obj
                0x0800354c                DebugMon_Handler
 .text.PendSV_Handler
                0x0800354e        0x2 CMakeFiles/STM32_SDCARD.elf.dir/Core/Src/stm32f4xx_it.c.obj
                0x0800354e                PendSV_Handler
 .text.SysTick_Handler
                0x08003550        0x8 CMakeFiles/STM32_SDCARD.elf.dir/Core/Src/stm32f4xx_it.c.obj
                0x08003550                SysTick_Handler
 .text.DMA1_Stream4_IRQHandler
                0x08003558       0x10 CMakeFiles/STM32_SDCARD.elf.dir/Core/Src/stm32f4xx_it.c.obj
                0x08003558                DMA1_Stream4_IRQHandler
 .text._getpid  0x08003568        0x4 CMakeFiles/STM32_SDCARD.elf.dir/Core/Src/syscalls.c.obj
                0x08003568                _getpid
 .text._kill    0x0800356c       0x10 CMakeFiles/STM32_SDCARD.elf.dir/Core/Src/syscalls.c.obj
                0x0800356c                _kill
 .text._exit    0x0800357c        0xc CMakeFiles/STM32_SDCARD.elf.dir/Core/Src/syscalls.c.obj
                0x0800357c                _exit
 .text._read    0x08003588       0x20 CMakeFiles/STM32_SDCARD.elf.dir/Core/Src/syscalls.c.obj
                0x08003588                _read
 .text._sbrk    0x080035a8       0x3c CMakeFiles/STM32_SDCARD.elf.dir/Core/Src/syscalls.c.obj
                0x080035a8                _sbrk
 .text._close   0x080035e4        0x6 CMakeFiles/STM32_SDCARD.elf.dir/Core/Src/syscalls.c.obj
                0x080035e4                _close
 .text._fstat   0x080035ea        0xa CMakeFiles/STM32_SDCARD.elf.dir/Core/Src/syscalls.c.obj
                0x080035ea                _fstat
 .text._isatty  0x080035f4        0x4 CMakeFiles/STM32_SDCARD.elf.dir/Core/Src/syscalls.c.obj
                0x080035f4                _isatty
 .text._lseek   0x080035f8        0x4 CMakeFiles/STM32_SDCARD.elf.dir/Core/Src/syscalls.c.obj
                0x080035f8                _lseek
 .text.SystemInit
                0x080035fc        0x2 CMakeFiles/STM32_SDCARD.elf.dir/Core/Src/system_stm32f4xx.c.obj
                0x080035fc                SystemInit
 .text.Error_Handler3
                0x080035fe        0x4 CMakeFiles/STM32_SDCARD.elf.dir/Core/Src/usart.c.obj
                0x080035fe                Error_Handler3
 *fill*         0x08003602        0x2 
 .text.MX_USART6_UART_Init
                0x08003604       0x34 CMakeFiles/STM32_SDCARD.elf.dir/Core/Src/usart.c.obj
                0x08003604                MX_USART6_UART_Init
 .text.USART_Transmit
                0x08003638       0x24 CMakeFiles/STM32_SDCARD.elf.dir/Core/Src/usart.c.obj
                0x08003638                USART_Transmit
 .text.HAL_InitTick
                0x0800365c       0x4c CMakeFiles/STM32_SDCARD.elf.dir/Drivers/STM32F4xx_HAL_Driver/Src/stm32f4xx_hal.c.obj
                0x0800365c                HAL_InitTick
 .text.HAL_Init
                0x080036a8       0x34 CMakeFiles/STM32_SDCARD.elf.dir/Drivers/STM32F4xx_HAL_Driver/Src/stm32f4xx_hal.c.obj
                0x080036a8                HAL_Init
 .text.HAL_IncTick
                0x080036dc       0x18 CMakeFiles/STM32_SDCARD.elf.dir/Drivers/STM32F4xx_HAL_Driver/Src/stm32f4xx_hal.c.obj
                0x080036dc                HAL_IncTick
 .text.HAL_GetTick
                0x080036f4        0xc CMakeFiles/STM32_SDCARD.elf.dir/Drivers/STM32F4xx_HAL_Driver/Src/stm32f4xx_hal.c.obj
                0x080036f4                HAL_GetTick
 .text.HAL_Delay
                0x08003700       0x28 CMakeFiles/STM32_SDCARD.elf.dir/Drivers/STM32F4xx_HAL_Driver/Src/stm32f4xx_hal.c.obj
                0x08003700                HAL_Delay
 .text.HAL_NVIC_SetPriorityGrouping
                0x08003728       0x24 CMakeFiles/STM32_SDCARD.elf.dir/Drivers/STM32F4xx_HAL_Driver/Src/stm32f4xx_hal_cortex.c.obj
                0x08003728                HAL_NVIC_SetPriorityGrouping
 .text.HAL_NVIC_SetPriority
                0x0800374c       0x70 CMakeFiles/STM32_SDCARD.elf.dir/Drivers/STM32F4xx_HAL_Driver/Src/stm32f4xx_hal_cortex.c.obj
                0x0800374c                HAL_NVIC_SetPriority
 .text.HAL_NVIC_EnableIRQ
                0x080037bc       0x1c CMakeFiles/STM32_SDCARD.elf.dir/Drivers/STM32F4xx_HAL_Driver/Src/stm32f4xx_hal_cortex.c.obj
                0x080037bc                HAL_NVIC_EnableIRQ
 .text.HAL_SYSTICK_Config
                0x080037d8       0x28 CMakeFiles/STM32_SDCARD.elf.dir/Drivers/STM32F4xx_HAL_Driver/Src/stm32f4xx_hal_cortex.c.obj
                0x080037d8                HAL_SYSTICK_Config
 .text.DMA_CalcBaseAndBitshift
                0x08003800       0x40 CMakeFiles/STM32_SDCARD.elf.dir/Drivers/STM32F4xx_HAL_Driver/Src/stm32f4xx_hal_dma.c.obj
 .text.DMA_CheckFifoParam
                0x08003840       0x8e CMakeFiles/STM32_SDCARD.elf.dir/Drivers/STM32F4xx_HAL_Driver/Src/stm32f4xx_hal_dma.c.obj
 *fill*         0x080038ce        0x2 
 .text.HAL_DMA_Init
                0x080038d0       0xcc CMakeFiles/STM32_SDCARD.elf.dir/Drivers/STM32F4xx_HAL_Driver/Src/stm32f4xx_hal_dma.c.obj
                0x080038d0                HAL_DMA_Init
 .text.HAL_DMA_IRQHandler
                0x0800399c      0x1dc CMakeFiles/STM32_SDCARD.elf.dir/Drivers/STM32F4xx_HAL_Driver/Src/stm32f4xx_hal_dma.c.obj
                0x0800399c                HAL_DMA_IRQHandler
 .text.HAL_GPIO_Init
                0x08003b78      0x1c0 CMakeFiles/STM32_SDCARD.elf.dir/Drivers/STM32F4xx_HAL_Driver/Src/stm32f4xx_hal_gpio.c.obj
                0x08003b78                HAL_GPIO_Init
 .text.HAL_GPIO_WritePin
                0x08003d38        0xc CMakeFiles/STM32_SDCARD.elf.dir/Drivers/STM32F4xx_HAL_Driver/Src/stm32f4xx_hal_gpio.c.obj
                0x08003d38                HAL_GPIO_WritePin
 .text.HAL_RCC_OscConfig
                0x08003d44      0x3f8 CMakeFiles/STM32_SDCARD.elf.dir/Drivers/STM32F4xx_HAL_Driver/Src/stm32f4xx_hal_rcc.c.obj
                0x08003d44                HAL_RCC_OscConfig
 .text.HAL_RCC_GetSysClockFreq
                0x0800413c       0xa4 CMakeFiles/STM32_SDCARD.elf.dir/Drivers/STM32F4xx_HAL_Driver/Src/stm32f4xx_hal_rcc.c.obj
                0x0800413c                HAL_RCC_GetSysClockFreq
 .text.HAL_RCC_ClockConfig
                0x080041e0      0x160 CMakeFiles/STM32_SDCARD.elf.dir/Drivers/STM32F4xx_HAL_Driver/Src/stm32f4xx_hal_rcc.c.obj
                0x080041e0                HAL_RCC_ClockConfig
 .text.HAL_RCC_GetHCLKFreq
                0x08004340        0xc CMakeFiles/STM32_SDCARD.elf.dir/Drivers/STM32F4xx_HAL_Driver/Src/stm32f4xx_hal_rcc.c.obj
                0x08004340                HAL_RCC_GetHCLKFreq
 .text.HAL_RCC_GetPCLK1Freq
                0x0800434c       0x20 CMakeFiles/STM32_SDCARD.elf.dir/Drivers/STM32F4xx_HAL_Driver/Src/stm32f4xx_hal_rcc.c.obj
                0x0800434c                HAL_RCC_GetPCLK1Freq
 .text.HAL_RCC_GetPCLK2Freq
                0x0800436c       0x20 CMakeFiles/STM32_SDCARD.elf.dir/Drivers/STM32F4xx_HAL_Driver/Src/stm32f4xx_hal_rcc.c.obj
                0x0800436c                HAL_RCC_GetPCLK2Freq
 .text.SPI_WaitFlagStateUntilTimeout
                0x0800438c       0xd4 CMakeFiles/STM32_SDCARD.elf.dir/Drivers/STM32F4xx_HAL_Driver/Src/stm32f4xx_hal_spi.c.obj
 .text.SPI_EndRxTxTransaction
                0x08004460       0x68 CMakeFiles/STM32_SDCARD.elf.dir/Drivers/STM32F4xx_HAL_Driver/Src/stm32f4xx_hal_spi.c.obj
 .text.HAL_SPI_Init
                0x080044c8       0xbe CMakeFiles/STM32_SDCARD.elf.dir/Drivers/STM32F4xx_HAL_Driver/Src/stm32f4xx_hal_spi.c.obj
                0x080044c8                HAL_SPI_Init
 .text.HAL_SPI_Transmit
                0x08004586      0x1b8 CMakeFiles/STM32_SDCARD.elf.dir/Drivers/STM32F4xx_HAL_Driver/Src/stm32f4xx_hal_spi.c.obj
                0x08004586                HAL_SPI_Transmit
 *fill*         0x0800473e        0x2 
 .text.UART_SetConfig
                0x08004740      0x110 CMakeFiles/STM32_SDCARD.elf.dir/Drivers/STM32F4xx_HAL_Driver/Src/stm32f4xx_hal_uart.c.obj
 .text.UART_WaitOnFlagUntilTimeout
                0x08004850       0x6c CMakeFiles/STM32_SDCARD.elf.dir/Drivers/STM32F4xx_HAL_Driver/Src/stm32f4xx_hal_uart.c.obj
 .text.HAL_UART_Init
                0x080048bc       0x5e CMakeFiles/STM32_SDCARD.elf.dir/Drivers/STM32F4xx_HAL_Driver/Src/stm32f4xx_hal_uart.c.obj
                0x080048bc                HAL_UART_Init
 .text.HAL_UART_Transmit
                0x0800491a       0xd8 CMakeFiles/STM32_SDCARD.elf.dir/Drivers/STM32F4xx_HAL_Driver/Src/stm32f4xx_hal_uart.c.obj
                0x0800491a                HAL_UART_Transmit
 *fill*         0x080049f2        0x2 
 .text.Reset_Handler
                0x080049f4       0x50 CMakeFiles/STM32_SDCARD.elf.dir/startup/startup_stm32f411xe.s.obj
                0x080049f4                Reset_Handler
 .text.Default_Handler
                0x08004a44        0x2 CMakeFiles/STM32_SDCARD.elf.dir/startup/startup_stm32f411xe.s.obj
                0x08004a44                RTC_Alarm_IRQHandler
                0x08004a44                EXTI2_IRQHandler
                0x08004a44                SPI4_IRQHandler
                0x08004a44                TIM1_CC_IRQHandler
                0x08004a44                DMA2_Stream5_IRQHandler
                0x08004a44                DMA1_Stream5_IRQHandler
                0x08004a44                PVD_IRQHandler
                0x08004a44                SDIO_IRQHandler
                0x08004a44                TAMP_STAMP_IRQHandler
                0x08004a44                EXTI3_IRQHandler
                0x08004a44                TIM1_UP_TIM10_IRQHandler
                0x08004a44                I2C3_ER_IRQHandler
                0x08004a44                EXTI0_IRQHandler
                0x08004a44                I2C2_EV_IRQHandler
                0x08004a44                DMA1_Stream2_IRQHandler
                0x08004a44                FPU_IRQHandler
                0x08004a44                DMA2_Stream2_IRQHandler
                0x08004a44                SPI1_IRQHandler
                0x08004a44                TIM1_BRK_TIM9_IRQHandler
                0x08004a44                DMA2_Stream3_IRQHandler
                0x08004a44                USART6_IRQHandler
                0x08004a44                DMA2_Stream0_IRQHandler
                0x08004a44                TIM4_IRQHandler
                0x08004a44                I2C1_EV_IRQHandler
                0x08004a44                DMA1_Stream6_IRQHandler
                0x08004a44                DMA1_Stream1_IRQHandler
                0x08004a44                TIM3_IRQHandler
                0x08004a44                RCC_IRQHandler
                0x08004a44                Default_Handler
                0x08004a44                EXTI15_10_IRQHandler
                0x08004a44                ADC_IRQHandler
                0x08004a44                DMA1_Stream7_IRQHandler
                0x08004a44                SPI5_IRQHandler
                0x08004a44                TIM5_IRQHandler
                0x08004a44                DMA2_Stream7_IRQHandler
                0x08004a44                I2C3_EV_IRQHandler
                0x08004a44                EXTI9_5_IRQHandler
                0x08004a44                RTC_WKUP_IRQHandler
                0x08004a44                SPI2_IRQHandler
                0x08004a44                DMA1_Stream0_IRQHandler
                0x08004a44                EXTI4_IRQHandler
                0x08004a44                WWDG_IRQHandler
                0x08004a44                TIM2_IRQHandler
                0x08004a44                OTG_FS_WKUP_IRQHandler
                0x08004a44                TIM1_TRG_COM_TIM11_IRQHandler
                0x08004a44                EXTI1_IRQHandler
                0x08004a44                USART2_IRQHandler
                0x08004a44                I2C2_ER_IRQHandler
                0x08004a44                DMA2_Stream1_IRQHandler
                0x08004a44                FLASH_IRQHandler
                0x08004a44                DMA2_Stream4_IRQHandler
                0x08004a44                USART1_IRQHandler
                0x08004a44                OTG_FS_IRQHandler
                0x08004a44                SPI3_IRQHandler
                0x08004a44                I2C1_ER_IRQHandler
                0x08004a44                DMA2_Stream6_IRQHandler
                0x08004a44                DMA1_Stream3_IRQHandler
 *fill*         0x08004a46        0x2 
 .text.__errno  0x08004a48        0xc d:/stm32/gcc-arm-none-eabi-10-2020-q4-major/bin/../lib/gcc/arm-none-eabi/10.2.1/../../../../arm-none-eabi/lib/thumb/v7e-m/nofp\libg.a(lib_a-errno.o)
                0x08004a48                __errno
 .text.__libc_init_array
                0x08004a54       0x48 d:/stm32/gcc-arm-none-eabi-10-2020-q4-major/bin/../lib/gcc/arm-none-eabi/10.2.1/../../../../arm-none-eabi/lib/thumb/v7e-m/nofp\libg.a(lib_a-init.o)
                0x08004a54                __libc_init_array
 .text._malloc_r
                0x08004a9c      0x560 d:/stm32/gcc-arm-none-eabi-10-2020-q4-major/bin/../lib/gcc/arm-none-eabi/10.2.1/../../../../arm-none-eabi/lib/thumb/v7e-m/nofp\libg.a(lib_a-mallocr.o)
                0x08004a9c                _malloc_r
 .text.memset   0x08004ffc       0xa4 d:/stm32/gcc-arm-none-eabi-10-2020-q4-major/bin/../lib/gcc/arm-none-eabi/10.2.1/../../../../arm-none-eabi/lib/thumb/v7e-m/nofp\libg.a(lib_a-memset.o)
                0x08004ffc                memset
 .text.__malloc_lock
                0x080050a0        0xc d:/stm32/gcc-arm-none-eabi-10-2020-q4-major/bin/../lib/gcc/arm-none-eabi/10.2.1/../../../../arm-none-eabi/lib/thumb/v7e-m/nofp\libg.a(lib_a-mlock.o)
                0x080050a0                __malloc_lock
 .text.__malloc_unlock
                0x080050ac        0xc d:/stm32/gcc-arm-none-eabi-10-2020-q4-major/bin/../lib/gcc/arm-none-eabi/10.2.1/../../../../arm-none-eabi/lib/thumb/v7e-m/nofp\libg.a(lib_a-mlock.o)
                0x080050ac                __malloc_unlock
 .text.printf   0x080050b8       0x28 d:/stm32/gcc-arm-none-eabi-10-2020-q4-major/bin/../lib/gcc/arm-none-eabi/10.2.1/../../../../arm-none-eabi/lib/thumb/v7e-m/nofp\libg.a(lib_a-printf.o)
                0x080050b8                printf
 .text.putchar  0x080050e0       0x10 d:/stm32/gcc-arm-none-eabi-10-2020-q4-major/bin/../lib/gcc/arm-none-eabi/10.2.1/../../../../arm-none-eabi/lib/thumb/v7e-m/nofp\libg.a(lib_a-putchar.o)
                0x080050e0                putchar
 .text._sbrk_r  0x080050f0       0x24 d:/stm32/gcc-arm-none-eabi-10-2020-q4-major/bin/../lib/gcc/arm-none-eabi/10.2.1/../../../../arm-none-eabi/lib/thumb/v7e-m/nofp\libg.a(lib_a-sbrkr.o)
                0x080050f0                _sbrk_r
 .text._vfprintf_r
                0x08005114     0x1ad4 d:/stm32/gcc-arm-none-eabi-10-2020-q4-major/bin/../lib/gcc/arm-none-eabi/10.2.1/../../../../arm-none-eabi/lib/thumb/v7e-m/nofp\libg.a(lib_a-vfprintf.o)
                0x08005114                _vfprintf_r
 .text.__sbprintf
                0x08006be8       0x80 d:/stm32/gcc-arm-none-eabi-10-2020-q4-major/bin/../lib/gcc/arm-none-eabi/10.2.1/../../../../arm-none-eabi/lib/thumb/v7e-m/nofp\libg.a(lib_a-vfprintf.o)
 .text.__swsetup_r
                0x08006c68       0xd4 d:/stm32/gcc-arm-none-eabi-10-2020-q4-major/bin/../lib/gcc/arm-none-eabi/10.2.1/../../../../arm-none-eabi/lib/thumb/v7e-m/nofp\libg.a(lib_a-wsetup.o)
                0x08006c68                __swsetup_r
 .text.startup.register_fini
                0x08006d3c       0x14 d:/stm32/gcc-arm-none-eabi-10-2020-q4-major/bin/../lib/gcc/arm-none-eabi/10.2.1/../../../../arm-none-eabi/lib/thumb/v7e-m/nofp\libg.a(lib_a-__call_atexit.o)
 .text.atexit   0x08006d50        0xc d:/stm32/gcc-arm-none-eabi-10-2020-q4-major/bin/../lib/gcc/arm-none-eabi/10.2.1/../../../../arm-none-eabi/lib/thumb/v7e-m/nofp\libg.a(lib_a-atexit.o)
                0x08006d50                atexit
 .text.quorem   0x08006d5c      0x124 d:/stm32/gcc-arm-none-eabi-10-2020-q4-major/bin/../lib/gcc/arm-none-eabi/10.2.1/../../../../arm-none-eabi/lib/thumb/v7e-m/nofp\libg.a(lib_a-dtoa.o)
 .text._dtoa_r  0x08006e80      0xec4 d:/stm32/gcc-arm-none-eabi-10-2020-q4-major/bin/../lib/gcc/arm-none-eabi/10.2.1/../../../../arm-none-eabi/lib/thumb/v7e-m/nofp\libg.a(lib_a-dtoa.o)
                0x08006e80                _dtoa_r
 .text.__sflush_r
                0x08007d44      0x120 d:/stm32/gcc-arm-none-eabi-10-2020-q4-major/bin/../lib/gcc/arm-none-eabi/10.2.1/../../../../arm-none-eabi/lib/thumb/v7e-m/nofp\libg.a(lib_a-fflush.o)
                0x08007d44                __sflush_r
 .text._fflush_r
                0x08007e64       0x5c d:/stm32/gcc-arm-none-eabi-10-2020-q4-major/bin/../lib/gcc/arm-none-eabi/10.2.1/../../../../arm-none-eabi/lib/thumb/v7e-m/nofp\libg.a(lib_a-fflush.o)
                0x08007e64                _fflush_r
 .text._cleanup_r
                0x08007ec0        0xc d:/stm32/gcc-arm-none-eabi-10-2020-q4-major/bin/../lib/gcc/arm-none-eabi/10.2.1/../../../../arm-none-eabi/lib/thumb/v7e-m/nofp\libg.a(lib_a-findfp.o)
                0x08007ec0                _cleanup_r
 .text.__sinit  0x08007ecc      0x10c d:/stm32/gcc-arm-none-eabi-10-2020-q4-major/bin/../lib/gcc/arm-none-eabi/10.2.1/../../../../arm-none-eabi/lib/thumb/v7e-m/nofp\libg.a(lib_a-findfp.o)
                0x08007ecc                __sinit
 .text.__sfp_lock_acquire
                0x08007fd8        0xc d:/stm32/gcc-arm-none-eabi-10-2020-q4-major/bin/../lib/gcc/arm-none-eabi/10.2.1/../../../../arm-none-eabi/lib/thumb/v7e-m/nofp\libg.a(lib_a-findfp.o)
                0x08007fd8                __sfp_lock_acquire
 .text.__sfp_lock_release
                0x08007fe4        0xc d:/stm32/gcc-arm-none-eabi-10-2020-q4-major/bin/../lib/gcc/arm-none-eabi/10.2.1/../../../../arm-none-eabi/lib/thumb/v7e-m/nofp\libg.a(lib_a-findfp.o)
                0x08007fe4                __sfp_lock_release
 .text.__libc_fini_array
                0x08007ff0       0x2c d:/stm32/gcc-arm-none-eabi-10-2020-q4-major/bin/../lib/gcc/arm-none-eabi/10.2.1/../../../../arm-none-eabi/lib/thumb/v7e-m/nofp\libg.a(lib_a-fini.o)
                0x08007ff0                __libc_fini_array
 .text._malloc_trim_r
                0x0800801c       0xa0 d:/stm32/gcc-arm-none-eabi-10-2020-q4-major/bin/../lib/gcc/arm-none-eabi/10.2.1/../../../../arm-none-eabi/lib/thumb/v7e-m/nofp\libg.a(lib_a-freer.o)
                0x0800801c                _malloc_trim_r
 .text._free_r  0x080080bc      0x20c d:/stm32/gcc-arm-none-eabi-10-2020-q4-major/bin/../lib/gcc/arm-none-eabi/10.2.1/../../../../arm-none-eabi/lib/thumb/v7e-m/nofp\libg.a(lib_a-freer.o)
                0x080080bc                _free_r
 .text._fwalk_reent
                0x080082c8       0x48 d:/stm32/gcc-arm-none-eabi-10-2020-q4-major/bin/../lib/gcc/arm-none-eabi/10.2.1/../../../../arm-none-eabi/lib/thumb/v7e-m/nofp\libg.a(lib_a-fwalk.o)
                0x080082c8                _fwalk_reent
 .text._localeconv_r
                0x08008310        0x8 d:/stm32/gcc-arm-none-eabi-10-2020-q4-major/bin/../lib/gcc/arm-none-eabi/10.2.1/../../../../arm-none-eabi/lib/thumb/v7e-m/nofp\libg.a(lib_a-localeconv.o)
                0x08008310                _localeconv_r
 .text.__retarget_lock_init_recursive
                0x08008318        0x4 d:/stm32/gcc-arm-none-eabi-10-2020-q4-major/bin/../lib/gcc/arm-none-eabi/10.2.1/../../../../arm-none-eabi/lib/thumb/v7e-m/nofp\libg.a(lib_a-lock.o)
                0x08008318                __retarget_lock_init_recursive
 .text.__retarget_lock_close_recursive
                0x0800831c        0x4 d:/stm32/gcc-arm-none-eabi-10-2020-q4-major/bin/../lib/gcc/arm-none-eabi/10.2.1/../../../../arm-none-eabi/lib/thumb/v7e-m/nofp\libg.a(lib_a-lock.o)
                0x0800831c                __retarget_lock_close_recursive
 .text.__retarget_lock_acquire_recursive
                0x08008320        0x4 d:/stm32/gcc-arm-none-eabi-10-2020-q4-major/bin/../lib/gcc/arm-none-eabi/10.2.1/../../../../arm-none-eabi/lib/thumb/v7e-m/nofp\libg.a(lib_a-lock.o)
                0x08008320                __retarget_lock_acquire_recursive
 .text.__retarget_lock_release_recursive
                0x08008324        0x4 d:/stm32/gcc-arm-none-eabi-10-2020-q4-major/bin/../lib/gcc/arm-none-eabi/10.2.1/../../../../arm-none-eabi/lib/thumb/v7e-m/nofp\libg.a(lib_a-lock.o)
                0x08008324                __retarget_lock_release_recursive
 .text.__smakebuf_r
                0x08008328       0xe0 d:/stm32/gcc-arm-none-eabi-10-2020-q4-major/bin/../lib/gcc/arm-none-eabi/10.2.1/../../../../arm-none-eabi/lib/thumb/v7e-m/nofp\libg.a(lib_a-makebuf.o)
                0x08008328                __smakebuf_r
 .text._Balloc  0x08008408       0x4c d:/stm32/gcc-arm-none-eabi-10-2020-q4-major/bin/../lib/gcc/arm-none-eabi/10.2.1/../../../../arm-none-eabi/lib/thumb/v7e-m/nofp\libg.a(lib_a-mprec.o)
                0x08008408                _Balloc
 .text._Bfree   0x08008454       0x14 d:/stm32/gcc-arm-none-eabi-10-2020-q4-major/bin/../lib/gcc/arm-none-eabi/10.2.1/../../../../arm-none-eabi/lib/thumb/v7e-m/nofp\libg.a(lib_a-mprec.o)
                0x08008454                _Bfree
 .text.__multadd
                0x08008468       0xa0 d:/stm32/gcc-arm-none-eabi-10-2020-q4-major/bin/../lib/gcc/arm-none-eabi/10.2.1/../../../../arm-none-eabi/lib/thumb/v7e-m/nofp\libg.a(lib_a-mprec.o)
                0x08008468                __multadd
 .text.__hi0bits
                0x08008508       0x40 d:/stm32/gcc-arm-none-eabi-10-2020-q4-major/bin/../lib/gcc/arm-none-eabi/10.2.1/../../../../arm-none-eabi/lib/thumb/v7e-m/nofp\libg.a(lib_a-mprec.o)
                0x08008508                __hi0bits
 .text.__lo0bits
                0x08008548       0x5c d:/stm32/gcc-arm-none-eabi-10-2020-q4-major/bin/../lib/gcc/arm-none-eabi/10.2.1/../../../../arm-none-eabi/lib/thumb/v7e-m/nofp\libg.a(lib_a-mprec.o)
                0x08008548                __lo0bits
 .text.__i2b    0x080085a4       0x5c d:/stm32/gcc-arm-none-eabi-10-2020-q4-major/bin/../lib/gcc/arm-none-eabi/10.2.1/../../../../arm-none-eabi/lib/thumb/v7e-m/nofp\libg.a(lib_a-mprec.o)
                0x080085a4                __i2b
 .text.__multiply
                0x08008600      0x15c d:/stm32/gcc-arm-none-eabi-10-2020-q4-major/bin/../lib/gcc/arm-none-eabi/10.2.1/../../../../arm-none-eabi/lib/thumb/v7e-m/nofp\libg.a(lib_a-mprec.o)
                0x08008600                __multiply
 .text.__pow5mult
                0x0800875c       0xc0 d:/stm32/gcc-arm-none-eabi-10-2020-q4-major/bin/../lib/gcc/arm-none-eabi/10.2.1/../../../../arm-none-eabi/lib/thumb/v7e-m/nofp\libg.a(lib_a-mprec.o)
                0x0800875c                __pow5mult
 .text.__lshift
                0x0800881c       0xf0 d:/stm32/gcc-arm-none-eabi-10-2020-q4-major/bin/../lib/gcc/arm-none-eabi/10.2.1/../../../../arm-none-eabi/lib/thumb/v7e-m/nofp\libg.a(lib_a-mprec.o)
                0x0800881c                __lshift
 .text.__mcmp   0x0800890c       0x40 d:/stm32/gcc-arm-none-eabi-10-2020-q4-major/bin/../lib/gcc/arm-none-eabi/10.2.1/../../../../arm-none-eabi/lib/thumb/v7e-m/nofp\libg.a(lib_a-mprec.o)
                0x0800890c                __mcmp
 .text.__mdiff  0x0800894c      0x14c d:/stm32/gcc-arm-none-eabi-10-2020-q4-major/bin/../lib/gcc/arm-none-eabi/10.2.1/../../../../arm-none-eabi/lib/thumb/v7e-m/nofp\libg.a(lib_a-mprec.o)
                0x0800894c                __mdiff
 .text.__d2b    0x08008a98       0xc4 d:/stm32/gcc-arm-none-eabi-10-2020-q4-major/bin/../lib/gcc/arm-none-eabi/10.2.1/../../../../arm-none-eabi/lib/thumb/v7e-m/nofp\libg.a(lib_a-mprec.o)
                0x08008a98                __d2b
 .text._putc_r  0x08008b5c       0x74 d:/stm32/gcc-arm-none-eabi-10-2020-q4-major/bin/../lib/gcc/arm-none-eabi/10.2.1/../../../../arm-none-eabi/lib/thumb/v7e-m/nofp\libg.a(lib_a-putc.o)
                0x08008b5c                _putc_r
 .text.frexp    0x08008bd0       0x70 d:/stm32/gcc-arm-none-eabi-10-2020-q4-major/bin/../lib/gcc/arm-none-eabi/10.2.1/../../../../arm-none-eabi/lib/thumb/v7e-m/nofp\libg.a(lib_a-s_frexp.o)
                0x08008bd0                frexp
 .text.__sread  0x08008c40       0x24 d:/stm32/gcc-arm-none-eabi-10-2020-q4-major/bin/../lib/gcc/arm-none-eabi/10.2.1/../../../../arm-none-eabi/lib/thumb/v7e-m/nofp\libg.a(lib_a-stdio.o)
                0x08008c40                __sread
 .text.__swrite
                0x08008c64       0x40 d:/stm32/gcc-arm-none-eabi-10-2020-q4-major/bin/../lib/gcc/arm-none-eabi/10.2.1/../../../../arm-none-eabi/lib/thumb/v7e-m/nofp\libg.a(lib_a-stdio.o)
                0x08008c64                __swrite
 .text.__sseek  0x08008ca4       0x20 d:/stm32/gcc-arm-none-eabi-10-2020-q4-major/bin/../lib/gcc/arm-none-eabi/10.2.1/../../../../arm-none-eabi/lib/thumb/v7e-m/nofp\libg.a(lib_a-stdio.o)
                0x08008ca4                __sseek
 .text.__sclose
                0x08008cc4        0x8 d:/stm32/gcc-arm-none-eabi-10-2020-q4-major/bin/../lib/gcc/arm-none-eabi/10.2.1/../../../../arm-none-eabi/lib/thumb/v7e-m/nofp\libg.a(lib_a-stdio.o)
                0x08008cc4                __sclose
 .text.strncpy  0x08008ccc       0x64 d:/stm32/gcc-arm-none-eabi-10-2020-q4-major/bin/../lib/gcc/arm-none-eabi/10.2.1/../../../../arm-none-eabi/lib/thumb/v7e-m/nofp\libg.a(lib_a-strncpy.o)
                0x08008ccc                strncpy
 .text.__sprint_r.part.0
                0x08008d30       0x78 d:/stm32/gcc-arm-none-eabi-10-2020-q4-major/bin/../lib/gcc/arm-none-eabi/10.2.1/../../../../arm-none-eabi/lib/thumb/v7e-m/nofp\libg.a(lib_a-vfiprintf.o)
 .text.__sprint_r
                0x08008da8       0x14 d:/stm32/gcc-arm-none-eabi-10-2020-q4-major/bin/../lib/gcc/arm-none-eabi/10.2.1/../../../../arm-none-eabi/lib/thumb/v7e-m/nofp\libg.a(lib_a-vfiprintf.o)
                0x08008da8                __sprint_r
 .text._vfiprintf_r
                0x08008dbc      0xd94 d:/stm32/gcc-arm-none-eabi-10-2020-q4-major/bin/../lib/gcc/arm-none-eabi/10.2.1/../../../../arm-none-eabi/lib/thumb/v7e-m/nofp\libg.a(lib_a-vfiprintf.o)
                0x08008dbc                _vfiprintf_r
 .text.__sbprintf
                0x08009b50       0x80 d:/stm32/gcc-arm-none-eabi-10-2020-q4-major/bin/../lib/gcc/arm-none-eabi/10.2.1/../../../../arm-none-eabi/lib/thumb/v7e-m/nofp\libg.a(lib_a-vfiprintf.o)
 .text.__swbuf_r
                0x08009bd0       0xb0 d:/stm32/gcc-arm-none-eabi-10-2020-q4-major/bin/../lib/gcc/arm-none-eabi/10.2.1/../../../../arm-none-eabi/lib/thumb/v7e-m/nofp\libg.a(lib_a-wbuf.o)
                0x08009bd0                __swbuf_r
 .text._write_r
                0x08009c80       0x2c d:/stm32/gcc-arm-none-eabi-10-2020-q4-major/bin/../lib/gcc/arm-none-eabi/10.2.1/../../../../arm-none-eabi/lib/thumb/v7e-m/nofp\libg.a(lib_a-writer.o)
                0x08009c80                _write_r
 .text.__register_exitproc
                0x08009cac       0x8c d:/stm32/gcc-arm-none-eabi-10-2020-q4-major/bin/../lib/gcc/arm-none-eabi/10.2.1/../../../../arm-none-eabi/lib/thumb/v7e-m/nofp\libg.a(lib_a-__atexit.o)
                0x08009cac                __register_exitproc
 .text.__assert_func
                0x08009d38       0x40 d:/stm32/gcc-arm-none-eabi-10-2020-q4-major/bin/../lib/gcc/arm-none-eabi/10.2.1/../../../../arm-none-eabi/lib/thumb/v7e-m/nofp\libg.a(lib_a-assert.o)
                0x08009d38                __assert_func
 .text._calloc_r
                0x08009d78       0x60 d:/stm32/gcc-arm-none-eabi-10-2020-q4-major/bin/../lib/gcc/arm-none-eabi/10.2.1/../../../../arm-none-eabi/lib/thumb/v7e-m/nofp\libg.a(lib_a-callocr.o)
                0x08009d78                _calloc_r
 .text._close_r
                0x08009dd8       0x24 d:/stm32/gcc-arm-none-eabi-10-2020-q4-major/bin/../lib/gcc/arm-none-eabi/10.2.1/../../../../arm-none-eabi/lib/thumb/v7e-m/nofp\libg.a(lib_a-closer.o)
                0x08009dd8                _close_r
 .text._fclose_r
                0x08009dfc       0xcc d:/stm32/gcc-arm-none-eabi-10-2020-q4-major/bin/../lib/gcc/arm-none-eabi/10.2.1/../../../../arm-none-eabi/lib/thumb/v7e-m/nofp\libg.a(lib_a-fclose.o)
                0x08009dfc                _fclose_r
 .text.fiprintf
                0x08009ec8       0x28 d:/stm32/gcc-arm-none-eabi-10-2020-q4-major/bin/../lib/gcc/arm-none-eabi/10.2.1/../../../../arm-none-eabi/lib/thumb/v7e-m/nofp\libg.a(lib_a-fiprintf.o)
                0x08009ec8                fiprintf
 .text.__fputwc
                0x08009ef0       0xa8 d:/stm32/gcc-arm-none-eabi-10-2020-q4-major/bin/../lib/gcc/arm-none-eabi/10.2.1/../../../../arm-none-eabi/lib/thumb/v7e-m/nofp\libg.a(lib_a-fputwc.o)
                0x08009ef0                __fputwc
 .text._fputwc_r
                0x08009f98       0x68 d:/stm32/gcc-arm-none-eabi-10-2020-q4-major/bin/../lib/gcc/arm-none-eabi/10.2.1/../../../../arm-none-eabi/lib/thumb/v7e-m/nofp\libg.a(lib_a-fputwc.o)
                0x08009f98                _fputwc_r
 .text._fstat_r
                0x0800a000       0x2c d:/stm32/gcc-arm-none-eabi-10-2020-q4-major/bin/../lib/gcc/arm-none-eabi/10.2.1/../../../../arm-none-eabi/lib/thumb/v7e-m/nofp\libg.a(lib_a-fstatr.o)
                0x0800a000                _fstat_r
 .text.__sfvwrite_r
                0x0800a02c      0x2e8 d:/stm32/gcc-arm-none-eabi-10-2020-q4-major/bin/../lib/gcc/arm-none-eabi/10.2.1/../../../../arm-none-eabi/lib/thumb/v7e-m/nofp\libg.a(lib_a-fvwrite.o)
                0x0800a02c                __sfvwrite_r
 .text._isatty_r
                0x0800a314       0x24 d:/stm32/gcc-arm-none-eabi-10-2020-q4-major/bin/../lib/gcc/arm-none-eabi/10.2.1/../../../../arm-none-eabi/lib/thumb/v7e-m/nofp\libg.a(lib_a-isattyr.o)
                0x0800a314                _isatty_r
 .text.__locale_mb_cur_max
                0x0800a338        0xc d:/stm32/gcc-arm-none-eabi-10-2020-q4-major/bin/../lib/gcc/arm-none-eabi/10.2.1/../../../../arm-none-eabi/lib/thumb/v7e-m/nofp\libg.a(lib_a-locale.o)
                0x0800a338                __locale_mb_cur_max
 .text._lseek_r
                0x0800a344       0x2c d:/stm32/gcc-arm-none-eabi-10-2020-q4-major/bin/../lib/gcc/arm-none-eabi/10.2.1/../../../../arm-none-eabi/lib/thumb/v7e-m/nofp\libg.a(lib_a-lseekr.o)
                0x0800a344                _lseek_r
 .text.__ascii_mbtowc
                0x0800a370       0x2c d:/stm32/gcc-arm-none-eabi-10-2020-q4-major/bin/../lib/gcc/arm-none-eabi/10.2.1/../../../../arm-none-eabi/lib/thumb/v7e-m/nofp\libg.a(lib_a-mbtowc_r.o)
                0x0800a370                __ascii_mbtowc
 .text.memmove  0x0800a39c       0xf8 d:/stm32/gcc-arm-none-eabi-10-2020-q4-major/bin/../lib/gcc/arm-none-eabi/10.2.1/../../../../arm-none-eabi/lib/thumb/v7e-m/nofp\libg.a(lib_a-memmove.o)
                0x0800a39c                memmove
 .text._read_r  0x0800a494       0x2c d:/stm32/gcc-arm-none-eabi-10-2020-q4-major/bin/../lib/gcc/arm-none-eabi/10.2.1/../../../../arm-none-eabi/lib/thumb/v7e-m/nofp\libg.a(lib_a-readr.o)
                0x0800a494                _read_r
 .text._realloc_r
                0x0800a4c0      0x3d8 d:/stm32/gcc-arm-none-eabi-10-2020-q4-major/bin/../lib/gcc/arm-none-eabi/10.2.1/../../../../arm-none-eabi/lib/thumb/v7e-m/nofp\libg.a(lib_a-reallocr.o)
                0x0800a4c0                _realloc_r
 .text._wcrtomb_r
                0x0800a898       0x3c d:/stm32/gcc-arm-none-eabi-10-2020-q4-major/bin/../lib/gcc/arm-none-eabi/10.2.1/../../../../arm-none-eabi/lib/thumb/v7e-m/nofp\libg.a(lib_a-wcrtomb.o)
                0x0800a898                _wcrtomb_r
 .text.__ascii_wctomb
                0x0800a8d4       0x1c d:/stm32/gcc-arm-none-eabi-10-2020-q4-major/bin/../lib/gcc/arm-none-eabi/10.2.1/../../../../arm-none-eabi/lib/thumb/v7e-m/nofp\libg.a(lib_a-wctomb_r.o)
                0x0800a8d4                __ascii_wctomb
 .text.abort    0x0800a8f0       0x10 d:/stm32/gcc-arm-none-eabi-10-2020-q4-major/bin/../lib/gcc/arm-none-eabi/10.2.1/../../../../arm-none-eabi/lib/thumb/v7e-m/nofp\libg.a(lib_a-abort.o)
                0x0800a8f0                abort
 .text.raise    0x0800a900       0x5c d:/stm32/gcc-arm-none-eabi-10-2020-q4-major/bin/../lib/gcc/arm-none-eabi/10.2.1/../../../../arm-none-eabi/lib/thumb/v7e-m/nofp\libg.a(lib_a-signal.o)
                0x0800a900                raise
 .text._kill_r  0x0800a95c       0x2c d:/stm32/gcc-arm-none-eabi-10-2020-q4-major/bin/../lib/gcc/arm-none-eabi/10.2.1/../../../../arm-none-eabi/lib/thumb/v7e-m/nofp\libg.a(lib_a-signalr.o)
                0x0800a95c                _kill_r
 .text._getpid_r
                0x0800a988        0x4 d:/stm32/gcc-arm-none-eabi-10-2020-q4-major/bin/../lib/gcc/arm-none-eabi/10.2.1/../../../../arm-none-eabi/lib/thumb/v7e-m/nofp\libg.a(lib_a-signalr.o)
                0x0800a988                _getpid_r
 *(.glue_7)
 .glue_7        0x0800a98c        0x0 linker stubs
 *(.glue_7t)
 .glue_7t       0x0800a98c        0x0 linker stubs
 *(.eh_frame)
 .eh_frame      0x0800a98c        0x0 d:/stm32/gcc-arm-none-eabi-10-2020-q4-major/bin/../lib/gcc/arm-none-eabi/10.2.1/thumb/v7e-m/nofp/crtbegin.o
 *(.init)
 .init          0x0800a98c        0x4 d:/stm32/gcc-arm-none-eabi-10-2020-q4-major/bin/../lib/gcc/arm-none-eabi/10.2.1/thumb/v7e-m/nofp/crti.o
                0x0800a98c                _init
 .init          0x0800a990        0x8 d:/stm32/gcc-arm-none-eabi-10-2020-q4-major/bin/../lib/gcc/arm-none-eabi/10.2.1/thumb/v7e-m/nofp/crtn.o
 *(.fini)
 .fini          0x0800a998        0x4 d:/stm32/gcc-arm-none-eabi-10-2020-q4-major/bin/../lib/gcc/arm-none-eabi/10.2.1/thumb/v7e-m/nofp/crti.o
                0x0800a998                _fini
 .fini          0x0800a99c        0x8 d:/stm32/gcc-arm-none-eabi-10-2020-q4-major/bin/../lib/gcc/arm-none-eabi/10.2.1/thumb/v7e-m/nofp/crtn.o
                0x0800a9a4                . = ALIGN (0x4)
                0x0800a9a4                _etext = .

.vfp11_veneer   0x0800a9a4        0x0
 .vfp11_veneer  0x0800a9a4        0x0 linker stubs

.v4_bx          0x0800a9a4        0x0
 .v4_bx         0x0800a9a4        0x0 linker stubs

.iplt           0x0800a9a4        0x0
 .iplt          0x0800a9a4        0x0 d:/stm32/gcc-arm-none-eabi-10-2020-q4-major/bin/../lib/gcc/arm-none-eabi/10.2.1/thumb/v7e-m/nofp/crtbegin.o

.rodata         0x0800a9a8      0x458
                0x0800a9a8                . = ALIGN (0x4)
 *(.rodata)
 *(.rodata*)
 .rodata.exec_instruction.str1.4
                0x0800a9a8       0x10 CMakeFiles/STM32_SDCARD.elf.dir/Core/Src/nes.c.obj
 .rodata.NES_Start.str1.4
                0x0800a9b8       0x25 CMakeFiles/STM32_SDCARD.elf.dir/Core/Src/nes.c.obj
 *fill*         0x0800a9dd        0x3 
 .rodata.AHBPrescTable
                0x0800a9e0       0x10 CMakeFiles/STM32_SDCARD.elf.dir/Core/Src/system_stm32f4xx.c.obj
                0x0800a9e0                AHBPrescTable
 .rodata.APBPrescTable
                0x0800a9f0        0x8 CMakeFiles/STM32_SDCARD.elf.dir/Core/Src/system_stm32f4xx.c.obj
                0x0800a9f0                APBPrescTable
 .rodata.flagBitshiftOffset.0
                0x0800a9f8        0x8 CMakeFiles/STM32_SDCARD.elf.dir/Drivers/STM32F4xx_HAL_Driver/Src/stm32f4xx_hal_dma.c.obj
 .rodata._global_impure_ptr
                0x0800aa00        0x4 d:/stm32/gcc-arm-none-eabi-10-2020-q4-major/bin/../lib/gcc/arm-none-eabi/10.2.1/../../../../arm-none-eabi/lib/thumb/v7e-m/nofp\libg.a(lib_a-impure.o)
                0x0800aa00                _global_impure_ptr
 .rodata._vfprintf_r.str1.4
                0x0800aa04       0x42 d:/stm32/gcc-arm-none-eabi-10-2020-q4-major/bin/../lib/gcc/arm-none-eabi/10.2.1/../../../../arm-none-eabi/lib/thumb/v7e-m/nofp\libg.a(lib_a-vfprintf.o)
 *fill*         0x0800aa46        0x2 
 .rodata.blanks.1
                0x0800aa48       0x10 d:/stm32/gcc-arm-none-eabi-10-2020-q4-major/bin/../lib/gcc/arm-none-eabi/10.2.1/../../../../arm-none-eabi/lib/thumb/v7e-m/nofp\libg.a(lib_a-vfprintf.o)
 .rodata.zeroes.0
                0x0800aa58       0x10 d:/stm32/gcc-arm-none-eabi-10-2020-q4-major/bin/../lib/gcc/arm-none-eabi/10.2.1/../../../../arm-none-eabi/lib/thumb/v7e-m/nofp\libg.a(lib_a-vfprintf.o)
 .rodata._dtoa_r.str1.4
                0x0800aa68       0xa1 d:/stm32/gcc-arm-none-eabi-10-2020-q4-major/bin/../lib/gcc/arm-none-eabi/10.2.1/../../../../arm-none-eabi/lib/thumb/v7e-m/nofp\libg.a(lib_a-dtoa.o)
                                 0xa5 (size before relaxing)
 *fill*         0x0800ab09        0x3 
 .rodata.__multadd.str1.4
                0x0800ab0c       0x7e d:/stm32/gcc-arm-none-eabi-10-2020-q4-major/bin/../lib/gcc/arm-none-eabi/10.2.1/../../../../arm-none-eabi/lib/thumb/v7e-m/nofp\libg.a(lib_a-mprec.o)
                                 0x92 (size before relaxing)
 *fill*         0x0800ab8a        0x6 
 .rodata.__mprec_bigtens
                0x0800ab90       0x28 d:/stm32/gcc-arm-none-eabi-10-2020-q4-major/bin/../lib/gcc/arm-none-eabi/10.2.1/../../../../arm-none-eabi/lib/thumb/v7e-m/nofp\libg.a(lib_a-mprec.o)
                0x0800ab90                __mprec_bigtens
 .rodata.__mprec_tens
                0x0800abb8       0xc8 d:/stm32/gcc-arm-none-eabi-10-2020-q4-major/bin/../lib/gcc/arm-none-eabi/10.2.1/../../../../arm-none-eabi/lib/thumb/v7e-m/nofp\libg.a(lib_a-mprec.o)
                0x0800abb8                __mprec_tens
 .rodata.p05.0  0x0800ac80        0xc d:/stm32/gcc-arm-none-eabi-10-2020-q4-major/bin/../lib/gcc/arm-none-eabi/10.2.1/../../../../arm-none-eabi/lib/thumb/v7e-m/nofp\libg.a(lib_a-mprec.o)
 .rodata._vfiprintf_r.str1.4
                0x0800ac8c       0x2f d:/stm32/gcc-arm-none-eabi-10-2020-q4-major/bin/../lib/gcc/arm-none-eabi/10.2.1/../../../../arm-none-eabi/lib/thumb/v7e-m/nofp\libg.a(lib_a-vfiprintf.o)
 .rodata.blanks.1
                0x0800ac8c       0x10 d:/stm32/gcc-arm-none-eabi-10-2020-q4-major/bin/../lib/gcc/arm-none-eabi/10.2.1/../../../../arm-none-eabi/lib/thumb/v7e-m/nofp\libg.a(lib_a-vfiprintf.o)
 .rodata.zeroes.0
                0x0800ac9c       0x10 d:/stm32/gcc-arm-none-eabi-10-2020-q4-major/bin/../lib/gcc/arm-none-eabi/10.2.1/../../../../arm-none-eabi/lib/thumb/v7e-m/nofp\libg.a(lib_a-vfiprintf.o)
 .rodata.__assert_func.str1.4
                0x0800acac       0x3f d:/stm32/gcc-arm-none-eabi-10-2020-q4-major/bin/../lib/gcc/arm-none-eabi/10.2.1/../../../../arm-none-eabi/lib/thumb/v7e-m/nofp\libg.a(lib_a-assert.o)
                                 0x43 (size before relaxing)
 *fill*         0x0800aceb        0x1 
 .rodata._setlocale_r.str1.4
                0x0800acec        0xa d:/stm32/gcc-arm-none-eabi-10-2020-q4-major/bin/../lib/gcc/arm-none-eabi/10.2.1/../../../../arm-none-eabi/lib/thumb/v7e-m/nofp\libg.a(lib_a-locale.o)
                                  0xd (size before relaxing)
 *fill*         0x0800acf6        0x2 
 .rodata.str1.4
                0x0800acf8        0x2 d:/stm32/gcc-arm-none-eabi-10-2020-q4-major/bin/../lib/gcc/arm-none-eabi/10.2.1/../../../../arm-none-eabi/lib/thumb/v7e-m/nofp\libg.a(lib_a-locale.o)
 *fill*         0x0800acfa        0x2 
 .rodata._ctype_
                0x0800acfc      0x101 d:/stm32/gcc-arm-none-eabi-10-2020-q4-major/bin/../lib/gcc/arm-none-eabi/10.2.1/../../../../arm-none-eabi/lib/thumb/v7e-m/nofp\libg.a(lib_a-ctype_.o)
                0x0800acfc                _ctype_
                0x0800ae00                . = ALIGN (0x4)
 *fill*         0x0800adfd        0x3 

.ARM.extab
 *(.ARM.extab* .gnu.linkonce.armextab.*)

.ARM            0x0800ae00        0x8
                0x0800ae00                __exidx_start = .
 *(.ARM.exidx*)
 .ARM.exidx     0x0800ae00        0x8 d:/stm32/gcc-arm-none-eabi-10-2020-q4-major/bin/../lib/gcc/arm-none-eabi/10.2.1/thumb/v7e-m/nofp\libgcc.a(_udivmoddi4.o)
                0x0800ae08                __exidx_end = .

.rel.dyn        0x0800ae08        0x0
 .rel.iplt      0x0800ae08        0x0 d:/stm32/gcc-arm-none-eabi-10-2020-q4-major/bin/../lib/gcc/arm-none-eabi/10.2.1/thumb/v7e-m/nofp/crtbegin.o

.preinit_array  0x0800ae08        0x0
                0x0800ae08                PROVIDE (__preinit_array_start = .)
 *(.preinit_array*)
                0x0800ae08                PROVIDE (__preinit_array_end = .)

.init_array     0x0800ae08        0x8
                0x0800ae08                PROVIDE (__init_array_start = .)
 *(SORT_BY_NAME(.init_array.*))
 .init_array.00000
                0x0800ae08        0x4 d:/stm32/gcc-arm-none-eabi-10-2020-q4-major/bin/../lib/gcc/arm-none-eabi/10.2.1/../../../../arm-none-eabi/lib/thumb/v7e-m/nofp\libg.a(lib_a-__call_atexit.o)
 *(.init_array*)
 .init_array    0x0800ae0c        0x4 d:/stm32/gcc-arm-none-eabi-10-2020-q4-major/bin/../lib/gcc/arm-none-eabi/10.2.1/thumb/v7e-m/nofp/crtbegin.o
                0x0800ae10                PROVIDE (__init_array_end = .)

.fini_array     0x0800ae10        0x4
                0x0800ae10                PROVIDE (__fini_array_start = .)
 *(SORT_BY_NAME(.fini_array.*))
 *(.fini_array*)
 .fini_array    0x0800ae10        0x4 d:/stm32/gcc-arm-none-eabi-10-2020-q4-major/bin/../lib/gcc/arm-none-eabi/10.2.1/thumb/v7e-m/nofp/crtbegin.o
                0x0800ae14                PROVIDE (__fini_array_end = .)
                0x0800ae14                _sidata = LOADADDR (.data)

.data           0x20000000      0xb48 load address 0x0800ae14
                0x20000000                . = ALIGN (0x4)
                0x20000000                _sdata = .
 *(.data)
 *(.data*)
 .data.c_reg_s  0x20000000        0x1 CMakeFiles/STM32_SDCARD.elf.dir/Core/Src/nes.c.obj
                0x20000000                c_reg_s
 .data.cpu_cycle
                0x20000001        0x1 CMakeFiles/STM32_SDCARD.elf.dir/Core/Src/nes.c.obj
                0x20000001                cpu_cycle
 .data.flag_b   0x20000002        0x1 CMakeFiles/STM32_SDCARD.elf.dir/Core/Src/nes.c.obj
                0x20000002                flag_b
 .data.flag_i   0x20000003        0x1 CMakeFiles/STM32_SDCARD.elf.dir/Core/Src/nes.c.obj
                0x20000003                flag_i
 .data.palettes
                0x20000004      0x186 CMakeFiles/STM32_SDCARD.elf.dir/Core/Src/nes.c.obj
                0x20000004                palettes
 *fill*         0x2000018a        0x2 
 .data.prgPc    0x2000018c        0x4 CMakeFiles/STM32_SDCARD.elf.dir/Core/Src/nes.c.obj
                0x2000018c                prgPc
 .data.SystemCoreClock
                0x20000190        0x4 CMakeFiles/STM32_SDCARD.elf.dir/Core/Src/system_stm32f4xx.c.obj
                0x20000190                SystemCoreClock
 .data.uwTickFreq
                0x20000194        0x1 CMakeFiles/STM32_SDCARD.elf.dir/Drivers/STM32F4xx_HAL_Driver/Src/stm32f4xx_hal.c.obj
                0x20000194                uwTickFreq
 *fill*         0x20000195        0x3 
 .data.uwTickPrio
                0x20000198        0x4 CMakeFiles/STM32_SDCARD.elf.dir/Drivers/STM32F4xx_HAL_Driver/Src/stm32f4xx_hal.c.obj
                0x20000198                uwTickPrio
 .data._impure_ptr
                0x2000019c        0x4 d:/stm32/gcc-arm-none-eabi-10-2020-q4-major/bin/../lib/gcc/arm-none-eabi/10.2.1/../../../../arm-none-eabi/lib/thumb/v7e-m/nofp\libg.a(lib_a-impure.o)
                0x2000019c                _impure_ptr
 .data.impure_data
                0x200001a0      0x428 d:/stm32/gcc-arm-none-eabi-10-2020-q4-major/bin/../lib/gcc/arm-none-eabi/10.2.1/../../../../arm-none-eabi/lib/thumb/v7e-m/nofp\libg.a(lib_a-impure.o)
 .data.__malloc_av_
                0x200005c8      0x408 d:/stm32/gcc-arm-none-eabi-10-2020-q4-major/bin/../lib/gcc/arm-none-eabi/10.2.1/../../../../arm-none-eabi/lib/thumb/v7e-m/nofp\libg.a(lib_a-mallocr.o)
                0x200005c8                __malloc_av_
 .data.__malloc_sbrk_base
                0x200009d0        0x4 d:/stm32/gcc-arm-none-eabi-10-2020-q4-major/bin/../lib/gcc/arm-none-eabi/10.2.1/../../../../arm-none-eabi/lib/thumb/v7e-m/nofp\libg.a(lib_a-mallocr.o)
                0x200009d0                __malloc_sbrk_base
 .data.__malloc_trim_threshold
                0x200009d4        0x4 d:/stm32/gcc-arm-none-eabi-10-2020-q4-major/bin/../lib/gcc/arm-none-eabi/10.2.1/../../../../arm-none-eabi/lib/thumb/v7e-m/nofp\libg.a(lib_a-mallocr.o)
                0x200009d4                __malloc_trim_threshold
 .data.__atexit_recursive_mutex
                0x200009d8        0x4 d:/stm32/gcc-arm-none-eabi-10-2020-q4-major/bin/../lib/gcc/arm-none-eabi/10.2.1/../../../../arm-none-eabi/lib/thumb/v7e-m/nofp\libg.a(lib_a-__call_atexit.o)
                0x200009d8                __atexit_recursive_mutex
 .data.__global_locale
                0x200009dc      0x16c d:/stm32/gcc-arm-none-eabi-10-2020-q4-major/bin/../lib/gcc/arm-none-eabi/10.2.1/../../../../arm-none-eabi/lib/thumb/v7e-m/nofp\libg.a(lib_a-locale.o)
                0x200009dc                __global_locale
                0x20000b48                . = ALIGN (0x4)
                0x20000b48                _edata = .

.igot.plt       0x20000b48        0x0 load address 0x0800b95c
 .igot.plt      0x20000b48        0x0 d:/stm32/gcc-arm-none-eabi-10-2020-q4-major/bin/../lib/gcc/arm-none-eabi/10.2.1/thumb/v7e-m/nofp/crtbegin.o
                0x20000b48                . = ALIGN (0x4)

.bss            0x20000b48     0x2a80 load address 0x0800b95c
                0x20000b48                _sbss = .
                0x20000b48                __bss_start__ = _sbss
 *(.bss)
 .bss           0x20000b48       0x1c d:/stm32/gcc-arm-none-eabi-10-2020-q4-major/bin/../lib/gcc/arm-none-eabi/10.2.1/thumb/v7e-m/nofp/crtbegin.o
 *(.bss*)
 .bss.c_mem     0x20000b64      0x800 CMakeFiles/STM32_SDCARD.elf.dir/Core/Src/nes.c.obj
                0x20000b64                c_mem
 .bss.c_reg_a   0x20001364        0x1 CMakeFiles/STM32_SDCARD.elf.dir/Core/Src/nes.c.obj
                0x20001364                c_reg_a
 .bss.c_reg_x   0x20001365        0x1 CMakeFiles/STM32_SDCARD.elf.dir/Core/Src/nes.c.obj
                0x20001365                c_reg_x
 .bss.c_reg_y   0x20001366        0x1 CMakeFiles/STM32_SDCARD.elf.dir/Core/Src/nes.c.obj
                0x20001366                c_reg_y
 .bss.flag_c    0x20001367        0x1 CMakeFiles/STM32_SDCARD.elf.dir/Core/Src/nes.c.obj
                0x20001367                flag_c
 .bss.flag_d    0x20001368        0x1 CMakeFiles/STM32_SDCARD.elf.dir/Core/Src/nes.c.obj
                0x20001368                flag_d
 .bss.flag_n    0x20001369        0x1 CMakeFiles/STM32_SDCARD.elf.dir/Core/Src/nes.c.obj
                0x20001369                flag_n
 .bss.flag_v    0x2000136a        0x1 CMakeFiles/STM32_SDCARD.elf.dir/Core/Src/nes.c.obj
                0x2000136a                flag_v
 .bss.flag_z    0x2000136b        0x1 CMakeFiles/STM32_SDCARD.elf.dir/Core/Src/nes.c.obj
                0x2000136b                flag_z
 .bss.p_mem     0x2000136c     0x2000 CMakeFiles/STM32_SDCARD.elf.dir/Core/Src/nes.c.obj
                0x2000136c                p_mem
 .bss.p_reg_2000
                0x2000336c        0x1 CMakeFiles/STM32_SDCARD.elf.dir/Core/Src/nes.c.obj
                0x2000336c                p_reg_2000
 .bss.p_reg_2001
                0x2000336d        0x1 CMakeFiles/STM32_SDCARD.elf.dir/Core/Src/nes.c.obj
                0x2000336d                p_reg_2001
 .bss.p_reg_2002
                0x2000336e        0x1 CMakeFiles/STM32_SDCARD.elf.dir/Core/Src/nes.c.obj
                0x2000336e                p_reg_2002
 .bss.p_reg_2003
                0x2000336f        0x1 CMakeFiles/STM32_SDCARD.elf.dir/Core/Src/nes.c.obj
                0x2000336f                p_reg_2003
 .bss.p_reg_2005
                0x20003370        0x1 CMakeFiles/STM32_SDCARD.elf.dir/Core/Src/nes.c.obj
                0x20003370                p_reg_2005
 *fill*         0x20003371        0x1 
 .bss.p_reg_2006
                0x20003372        0x2 CMakeFiles/STM32_SDCARD.elf.dir/Core/Src/nes.c.obj
                0x20003372                p_reg_2006
 .bss.p_reg_2006_flag
                0x20003374        0x1 CMakeFiles/STM32_SDCARD.elf.dir/Core/Src/nes.c.obj
                0x20003374                p_reg_2006_flag
 .bss.p_reg_2007
                0x20003375        0x1 CMakeFiles/STM32_SDCARD.elf.dir/Core/Src/nes.c.obj
                0x20003375                p_reg_2007
 *fill*         0x20003376        0x2 
 .bss.p_spr_ram
                0x20003378      0x100 CMakeFiles/STM32_SDCARD.elf.dir/Core/Src/nes.c.obj
                0x20003378                p_spr_ram
 .bss.program_length
                0x20003478        0x4 CMakeFiles/STM32_SDCARD.elf.dir/Core/Src/nes.c.obj
                0x20003478                program_length
 .bss.hdma_spi2_tx
                0x2000347c       0x60 CMakeFiles/STM32_SDCARD.elf.dir/Core/Src/spi.c.obj
                0x2000347c                hdma_spi2_tx
 .bss.hspi2     0x200034dc       0x58 CMakeFiles/STM32_SDCARD.elf.dir/Core/Src/spi.c.obj
                0x200034dc                hspi2
 .bss.heap_end.0
                0x20003534        0x4 CMakeFiles/STM32_SDCARD.elf.dir/Core/Src/syscalls.c.obj
 .bss.huart6    0x20003538       0x44 CMakeFiles/STM32_SDCARD.elf.dir/Core/Src/usart.c.obj
                0x20003538                huart6
 .bss.uwTick    0x2000357c        0x4 CMakeFiles/STM32_SDCARD.elf.dir/Drivers/STM32F4xx_HAL_Driver/Src/stm32f4xx_hal.c.obj
                0x2000357c                uwTick
 .bss.__malloc_current_mallinfo
                0x20003580       0x28 d:/stm32/gcc-arm-none-eabi-10-2020-q4-major/bin/../lib/gcc/arm-none-eabi/10.2.1/../../../../arm-none-eabi/lib/thumb/v7e-m/nofp\libg.a(lib_a-mallocr.o)
                0x20003580                __malloc_current_mallinfo
 .bss.__malloc_max_sbrked_mem
                0x200035a8        0x4 d:/stm32/gcc-arm-none-eabi-10-2020-q4-major/bin/../lib/gcc/arm-none-eabi/10.2.1/../../../../arm-none-eabi/lib/thumb/v7e-m/nofp\libg.a(lib_a-mallocr.o)
                0x200035a8                __malloc_max_sbrked_mem
 .bss.__malloc_max_total_mem
                0x200035ac        0x4 d:/stm32/gcc-arm-none-eabi-10-2020-q4-major/bin/../lib/gcc/arm-none-eabi/10.2.1/../../../../arm-none-eabi/lib/thumb/v7e-m/nofp\libg.a(lib_a-mallocr.o)
                0x200035ac                __malloc_max_total_mem
 .bss.__malloc_top_pad
                0x200035b0        0x4 d:/stm32/gcc-arm-none-eabi-10-2020-q4-major/bin/../lib/gcc/arm-none-eabi/10.2.1/../../../../arm-none-eabi/lib/thumb/v7e-m/nofp\libg.a(lib_a-mallocr.o)
                0x200035b0                __malloc_top_pad
 .bss.__lock___atexit_recursive_mutex
                0x200035b4        0x1 d:/stm32/gcc-arm-none-eabi-10-2020-q4-major/bin/../lib/gcc/arm-none-eabi/10.2.1/../../../../arm-none-eabi/lib/thumb/v7e-m/nofp\libg.a(lib_a-lock.o)
                0x200035b4                __lock___atexit_recursive_mutex
 *fill*         0x200035b5        0x3 
 .bss.__lock___malloc_recursive_mutex
                0x200035b8        0x1 d:/stm32/gcc-arm-none-eabi-10-2020-q4-major/bin/../lib/gcc/arm-none-eabi/10.2.1/../../../../arm-none-eabi/lib/thumb/v7e-m/nofp\libg.a(lib_a-lock.o)
                0x200035b8                __lock___malloc_recursive_mutex
 *fill*         0x200035b9        0x3 
 .bss.__lock___sfp_recursive_mutex
                0x200035bc        0x1 d:/stm32/gcc-arm-none-eabi-10-2020-q4-major/bin/../lib/gcc/arm-none-eabi/10.2.1/../../../../arm-none-eabi/lib/thumb/v7e-m/nofp\libg.a(lib_a-lock.o)
                0x200035bc                __lock___sfp_recursive_mutex
 *fill*         0x200035bd        0x3 
 .bss.__lock___sinit_recursive_mutex
                0x200035c0        0x1 d:/stm32/gcc-arm-none-eabi-10-2020-q4-major/bin/../lib/gcc/arm-none-eabi/10.2.1/../../../../arm-none-eabi/lib/thumb/v7e-m/nofp\libg.a(lib_a-lock.o)
                0x200035c0                __lock___sinit_recursive_mutex
 *fill*         0x200035c1        0x3 
 .bss.errno     0x200035c4        0x4 d:/stm32/gcc-arm-none-eabi-10-2020-q4-major/bin/../lib/gcc/arm-none-eabi/10.2.1/../../../../arm-none-eabi/lib/thumb/v7e-m/nofp\libg.a(lib_a-reent.o)
                0x200035c4                errno
 *(COMMON)
                0x200035c8                . = ALIGN (0x4)
                0x200035c8                _ebss = .
                0x200035c8                __bss_end__ = _ebss

._user_heap_stack
                0x200035c8      0x600 load address 0x0800b95c
                0x200035c8                . = ALIGN (0x8)
                0x200035c8                PROVIDE (end = .)
                [!provide]                PROVIDE (_end = .)
                0x200037c8                . = (. + _Min_Heap_Size)
 *fill*         0x200035c8      0x200 
                0x20003bc8                . = (. + _Min_Stack_Size)
 *fill*         0x200037c8      0x400 
                0x20003bc8                . = ALIGN (0x8)

/DISCARD/
 libc.a(*)
 libm.a(*)
 libgcc.a(*)

.ARM.attributes
                0x00000000       0x2a
 *(.ARM.attributes)
 .ARM.attributes
                0x00000000       0x1e d:/stm32/gcc-arm-none-eabi-10-2020-q4-major/bin/../lib/gcc/arm-none-eabi/10.2.1/thumb/v7e-m/nofp/crti.o
 .ARM.attributes
                0x0000001e       0x2e d:/stm32/gcc-arm-none-eabi-10-2020-q4-major/bin/../lib/gcc/arm-none-eabi/10.2.1/thumb/v7e-m/nofp/crtbegin.o
 .ARM.attributes
                0x0000004c       0x2e CMakeFiles/STM32_SDCARD.elf.dir/Core/Src/ILI9341.c.obj
 .ARM.attributes
                0x0000007a       0x2e CMakeFiles/STM32_SDCARD.elf.dir/Core/Src/gpio.c.obj
 .ARM.attributes
                0x000000a8       0x2e CMakeFiles/STM32_SDCARD.elf.dir/Core/Src/main.c.obj
 .ARM.attributes
                0x000000d6       0x2e CMakeFiles/STM32_SDCARD.elf.dir/Core/Src/nes.c.obj
 .ARM.attributes
                0x00000104       0x2e CMakeFiles/STM32_SDCARD.elf.dir/Core/Src/spi.c.obj
 .ARM.attributes
                0x00000132       0x2e CMakeFiles/STM32_SDCARD.elf.dir/Core/Src/stm32f4xx_hal_msp.c.obj
 .ARM.attributes
                0x00000160       0x2e CMakeFiles/STM32_SDCARD.elf.dir/Core/Src/stm32f4xx_it.c.obj
 .ARM.attributes
                0x0000018e       0x2e CMakeFiles/STM32_SDCARD.elf.dir/Core/Src/syscalls.c.obj
 .ARM.attributes
                0x000001bc       0x2e CMakeFiles/STM32_SDCARD.elf.dir/Core/Src/system_stm32f4xx.c.obj
 .ARM.attributes
                0x000001ea       0x2e CMakeFiles/STM32_SDCARD.elf.dir/Core/Src/usart.c.obj
 .ARM.attributes
                0x00000218       0x2e CMakeFiles/STM32_SDCARD.elf.dir/Drivers/STM32F4xx_HAL_Driver/Src/stm32f4xx_hal.c.obj
 .ARM.attributes
                0x00000246       0x2e CMakeFiles/STM32_SDCARD.elf.dir/Drivers/STM32F4xx_HAL_Driver/Src/stm32f4xx_hal_cortex.c.obj
 .ARM.attributes
                0x00000274       0x2e CMakeFiles/STM32_SDCARD.elf.dir/Drivers/STM32F4xx_HAL_Driver/Src/stm32f4xx_hal_dma.c.obj
 .ARM.attributes
                0x000002a2       0x2e CMakeFiles/STM32_SDCARD.elf.dir/Drivers/STM32F4xx_HAL_Driver/Src/stm32f4xx_hal_gpio.c.obj
 .ARM.attributes
                0x000002d0       0x2e CMakeFiles/STM32_SDCARD.elf.dir/Drivers/STM32F4xx_HAL_Driver/Src/stm32f4xx_hal_rcc.c.obj
 .ARM.attributes
                0x000002fe       0x2e CMakeFiles/STM32_SDCARD.elf.dir/Drivers/STM32F4xx_HAL_Driver/Src/stm32f4xx_hal_spi.c.obj
 .ARM.attributes
                0x0000032c       0x2e CMakeFiles/STM32_SDCARD.elf.dir/Drivers/STM32F4xx_HAL_Driver/Src/stm32f4xx_hal_uart.c.obj
 .ARM.attributes
                0x0000035a       0x21 CMakeFiles/STM32_SDCARD.elf.dir/startup/startup_stm32f411xe.s.obj
 .ARM.attributes
                0x0000037b       0x1e d:/stm32/gcc-arm-none-eabi-10-2020-q4-major/bin/../lib/gcc/arm-none-eabi/10.2.1/thumb/v7e-m/nofp\libgcc.a(_aeabi_uldivmod.o)
 .ARM.attributes
                0x00000399       0x2e d:/stm32/gcc-arm-none-eabi-10-2020-q4-major/bin/../lib/gcc/arm-none-eabi/10.2.1/thumb/v7e-m/nofp\libgcc.a(_udivmoddi4.o)
 .ARM.attributes
                0x000003c7       0x1e d:/stm32/gcc-arm-none-eabi-10-2020-q4-major/bin/../lib/gcc/arm-none-eabi/10.2.1/thumb/v7e-m/nofp\libgcc.a(_dvmd_tls.o)
 .ARM.attributes
                0x000003e5       0x2e d:/stm32/gcc-arm-none-eabi-10-2020-q4-major/bin/../lib/gcc/arm-none-eabi/10.2.1/../../../../arm-none-eabi/lib/thumb/v7e-m/nofp\libg.a(lib_a-errno.o)
 .ARM.attributes
                0x00000413       0x2e d:/stm32/gcc-arm-none-eabi-10-2020-q4-major/bin/../lib/gcc/arm-none-eabi/10.2.1/../../../../arm-none-eabi/lib/thumb/v7e-m/nofp\libg.a(lib_a-impure.o)
 .ARM.attributes
                0x00000441       0x2e d:/stm32/gcc-arm-none-eabi-10-2020-q4-major/bin/../lib/gcc/arm-none-eabi/10.2.1/../../../../arm-none-eabi/lib/thumb/v7e-m/nofp\libg.a(lib_a-init.o)
 .ARM.attributes
                0x0000046f       0x2e d:/stm32/gcc-arm-none-eabi-10-2020-q4-major/bin/../lib/gcc/arm-none-eabi/10.2.1/../../../../arm-none-eabi/lib/thumb/v7e-m/nofp\libg.a(lib_a-mallocr.o)
 .ARM.attributes
                0x0000049d       0x2e d:/stm32/gcc-arm-none-eabi-10-2020-q4-major/bin/../lib/gcc/arm-none-eabi/10.2.1/../../../../arm-none-eabi/lib/thumb/v7e-m/nofp\libg.a(lib_a-memset.o)
 .ARM.attributes
                0x000004cb       0x2e d:/stm32/gcc-arm-none-eabi-10-2020-q4-major/bin/../lib/gcc/arm-none-eabi/10.2.1/../../../../arm-none-eabi/lib/thumb/v7e-m/nofp\libg.a(lib_a-mlock.o)
 .ARM.attributes
                0x000004f9       0x2e d:/stm32/gcc-arm-none-eabi-10-2020-q4-major/bin/../lib/gcc/arm-none-eabi/10.2.1/../../../../arm-none-eabi/lib/thumb/v7e-m/nofp\libg.a(lib_a-printf.o)
 .ARM.attributes
                0x00000527       0x2e d:/stm32/gcc-arm-none-eabi-10-2020-q4-major/bin/../lib/gcc/arm-none-eabi/10.2.1/../../../../arm-none-eabi/lib/thumb/v7e-m/nofp\libg.a(lib_a-putchar.o)
 .ARM.attributes
                0x00000555       0x2e d:/stm32/gcc-arm-none-eabi-10-2020-q4-major/bin/../lib/gcc/arm-none-eabi/10.2.1/../../../../arm-none-eabi/lib/thumb/v7e-m/nofp\libg.a(lib_a-sbrkr.o)
 .ARM.attributes
                0x00000583       0x2e d:/stm32/gcc-arm-none-eabi-10-2020-q4-major/bin/../lib/gcc/arm-none-eabi/10.2.1/../../../../arm-none-eabi/lib/thumb/v7e-m/nofp\libg.a(lib_a-vfprintf.o)
 .ARM.attributes
                0x000005b1       0x2e d:/stm32/gcc-arm-none-eabi-10-2020-q4-major/bin/../lib/gcc/arm-none-eabi/10.2.1/../../../../arm-none-eabi/lib/thumb/v7e-m/nofp\libg.a(lib_a-wsetup.o)
 .ARM.attributes
                0x000005df       0x2e d:/stm32/gcc-arm-none-eabi-10-2020-q4-major/bin/../lib/gcc/arm-none-eabi/10.2.1/../../../../arm-none-eabi/lib/thumb/v7e-m/nofp\libg.a(lib_a-__call_atexit.o)
 .ARM.attributes
                0x0000060d       0x2e d:/stm32/gcc-arm-none-eabi-10-2020-q4-major/bin/../lib/gcc/arm-none-eabi/10.2.1/../../../../arm-none-eabi/lib/thumb/v7e-m/nofp\libg.a(lib_a-atexit.o)
 .ARM.attributes
                0x0000063b       0x2e d:/stm32/gcc-arm-none-eabi-10-2020-q4-major/bin/../lib/gcc/arm-none-eabi/10.2.1/../../../../arm-none-eabi/lib/thumb/v7e-m/nofp\libg.a(lib_a-dtoa.o)
 .ARM.attributes
                0x00000669       0x2e d:/stm32/gcc-arm-none-eabi-10-2020-q4-major/bin/../lib/gcc/arm-none-eabi/10.2.1/../../../../arm-none-eabi/lib/thumb/v7e-m/nofp\libg.a(lib_a-fflush.o)
 .ARM.attributes
                0x00000697       0x2e d:/stm32/gcc-arm-none-eabi-10-2020-q4-major/bin/../lib/gcc/arm-none-eabi/10.2.1/../../../../arm-none-eabi/lib/thumb/v7e-m/nofp\libg.a(lib_a-findfp.o)
 .ARM.attributes
                0x000006c5       0x2e d:/stm32/gcc-arm-none-eabi-10-2020-q4-major/bin/../lib/gcc/arm-none-eabi/10.2.1/../../../../arm-none-eabi/lib/thumb/v7e-m/nofp\libg.a(lib_a-fini.o)
 .ARM.attributes
                0x000006f3       0x2e d:/stm32/gcc-arm-none-eabi-10-2020-q4-major/bin/../lib/gcc/arm-none-eabi/10.2.1/../../../../arm-none-eabi/lib/thumb/v7e-m/nofp\libg.a(lib_a-freer.o)
 .ARM.attributes
                0x00000721       0x2e d:/stm32/gcc-arm-none-eabi-10-2020-q4-major/bin/../lib/gcc/arm-none-eabi/10.2.1/../../../../arm-none-eabi/lib/thumb/v7e-m/nofp\libg.a(lib_a-fwalk.o)
 .ARM.attributes
                0x0000074f       0x2e d:/stm32/gcc-arm-none-eabi-10-2020-q4-major/bin/../lib/gcc/arm-none-eabi/10.2.1/../../../../arm-none-eabi/lib/thumb/v7e-m/nofp\libg.a(lib_a-localeconv.o)
 .ARM.attributes
                0x0000077d       0x2e d:/stm32/gcc-arm-none-eabi-10-2020-q4-major/bin/../lib/gcc/arm-none-eabi/10.2.1/../../../../arm-none-eabi/lib/thumb/v7e-m/nofp\libg.a(lib_a-lock.o)
 .ARM.attributes
                0x000007ab       0x2e d:/stm32/gcc-arm-none-eabi-10-2020-q4-major/bin/../lib/gcc/arm-none-eabi/10.2.1/../../../../arm-none-eabi/lib/thumb/v7e-m/nofp\libg.a(lib_a-makebuf.o)
 .ARM.attributes
                0x000007d9       0x1c d:/stm32/gcc-arm-none-eabi-10-2020-q4-major/bin/../lib/gcc/arm-none-eabi/10.2.1/../../../../arm-none-eabi/lib/thumb/v7e-m/nofp\libg.a(lib_a-memchr.o)
 .ARM.attributes
                0x000007f5       0x1c d:/stm32/gcc-arm-none-eabi-10-2020-q4-major/bin/../lib/gcc/arm-none-eabi/10.2.1/../../../../arm-none-eabi/lib/thumb/v7e-m/nofp\libg.a(lib_a-memcpy.o)
 .ARM.attributes
                0x00000811       0x2e d:/stm32/gcc-arm-none-eabi-10-2020-q4-major/bin/../lib/gcc/arm-none-eabi/10.2.1/../../../../arm-none-eabi/lib/thumb/v7e-m/nofp\libg.a(lib_a-mprec.o)
 .ARM.attributes
                0x0000083f       0x2e d:/stm32/gcc-arm-none-eabi-10-2020-q4-major/bin/../lib/gcc/arm-none-eabi/10.2.1/../../../../arm-none-eabi/lib/thumb/v7e-m/nofp\libg.a(lib_a-putc.o)
 .ARM.attributes
                0x0000086d       0x2e d:/stm32/gcc-arm-none-eabi-10-2020-q4-major/bin/../lib/gcc/arm-none-eabi/10.2.1/../../../../arm-none-eabi/lib/thumb/v7e-m/nofp\libg.a(lib_a-reent.o)
 .ARM.attributes
                0x0000089b       0x2e d:/stm32/gcc-arm-none-eabi-10-2020-q4-major/bin/../lib/gcc/arm-none-eabi/10.2.1/../../../../arm-none-eabi/lib/thumb/v7e-m/nofp\libg.a(lib_a-s_frexp.o)
 .ARM.attributes
                0x000008c9       0x2e d:/stm32/gcc-arm-none-eabi-10-2020-q4-major/bin/../lib/gcc/arm-none-eabi/10.2.1/../../../../arm-none-eabi/lib/thumb/v7e-m/nofp\libg.a(lib_a-stdio.o)
 .ARM.attributes
                0x000008f7       0x1c d:/stm32/gcc-arm-none-eabi-10-2020-q4-major/bin/../lib/gcc/arm-none-eabi/10.2.1/../../../../arm-none-eabi/lib/thumb/v7e-m/nofp\libg.a(lib_a-strlen.o)
 .ARM.attributes
                0x00000913       0x2e d:/stm32/gcc-arm-none-eabi-10-2020-q4-major/bin/../lib/gcc/arm-none-eabi/10.2.1/../../../../arm-none-eabi/lib/thumb/v7e-m/nofp\libg.a(lib_a-strncpy.o)
 .ARM.attributes
                0x00000941       0x2e d:/stm32/gcc-arm-none-eabi-10-2020-q4-major/bin/../lib/gcc/arm-none-eabi/10.2.1/../../../../arm-none-eabi/lib/thumb/v7e-m/nofp\libg.a(lib_a-vfiprintf.o)
 .ARM.attributes
                0x0000096f       0x2e d:/stm32/gcc-arm-none-eabi-10-2020-q4-major/bin/../lib/gcc/arm-none-eabi/10.2.1/../../../../arm-none-eabi/lib/thumb/v7e-m/nofp\libg.a(lib_a-wbuf.o)
 .ARM.attributes
                0x0000099d       0x2e d:/stm32/gcc-arm-none-eabi-10-2020-q4-major/bin/../lib/gcc/arm-none-eabi/10.2.1/../../../../arm-none-eabi/lib/thumb/v7e-m/nofp\libg.a(lib_a-writer.o)
 .ARM.attributes
                0x000009cb       0x2e d:/stm32/gcc-arm-none-eabi-10-2020-q4-major/bin/../lib/gcc/arm-none-eabi/10.2.1/../../../../arm-none-eabi/lib/thumb/v7e-m/nofp\libg.a(lib_a-__atexit.o)
 .ARM.attributes
                0x000009f9       0x2e d:/stm32/gcc-arm-none-eabi-10-2020-q4-major/bin/../lib/gcc/arm-none-eabi/10.2.1/../../../../arm-none-eabi/lib/thumb/v7e-m/nofp\libg.a(lib_a-assert.o)
 .ARM.attributes
                0x00000a27       0x2e d:/stm32/gcc-arm-none-eabi-10-2020-q4-major/bin/../lib/gcc/arm-none-eabi/10.2.1/../../../../arm-none-eabi/lib/thumb/v7e-m/nofp\libg.a(lib_a-callocr.o)
 .ARM.attributes
                0x00000a55       0x2e d:/stm32/gcc-arm-none-eabi-10-2020-q4-major/bin/../lib/gcc/arm-none-eabi/10.2.1/../../../../arm-none-eabi/lib/thumb/v7e-m/nofp\libg.a(lib_a-closer.o)
 .ARM.attributes
                0x00000a83       0x2e d:/stm32/gcc-arm-none-eabi-10-2020-q4-major/bin/../lib/gcc/arm-none-eabi/10.2.1/../../../../arm-none-eabi/lib/thumb/v7e-m/nofp\libg.a(lib_a-fclose.o)
 .ARM.attributes
                0x00000ab1       0x2e d:/stm32/gcc-arm-none-eabi-10-2020-q4-major/bin/../lib/gcc/arm-none-eabi/10.2.1/../../../../arm-none-eabi/lib/thumb/v7e-m/nofp\libg.a(lib_a-fiprintf.o)
 .ARM.attributes
                0x00000adf       0x2e d:/stm32/gcc-arm-none-eabi-10-2020-q4-major/bin/../lib/gcc/arm-none-eabi/10.2.1/../../../../arm-none-eabi/lib/thumb/v7e-m/nofp\libg.a(lib_a-fputwc.o)
 .ARM.attributes
                0x00000b0d       0x2e d:/stm32/gcc-arm-none-eabi-10-2020-q4-major/bin/../lib/gcc/arm-none-eabi/10.2.1/../../../../arm-none-eabi/lib/thumb/v7e-m/nofp\libg.a(lib_a-fstatr.o)
 .ARM.attributes
                0x00000b3b       0x2e d:/stm32/gcc-arm-none-eabi-10-2020-q4-major/bin/../lib/gcc/arm-none-eabi/10.2.1/../../../../arm-none-eabi/lib/thumb/v7e-m/nofp\libg.a(lib_a-fvwrite.o)
 .ARM.attributes
                0x00000b69       0x2e d:/stm32/gcc-arm-none-eabi-10-2020-q4-major/bin/../lib/gcc/arm-none-eabi/10.2.1/../../../../arm-none-eabi/lib/thumb/v7e-m/nofp\libg.a(lib_a-isattyr.o)
 .ARM.attributes
                0x00000b97       0x2e d:/stm32/gcc-arm-none-eabi-10-2020-q4-major/bin/../lib/gcc/arm-none-eabi/10.2.1/../../../../arm-none-eabi/lib/thumb/v7e-m/nofp\libg.a(lib_a-locale.o)
 .ARM.attributes
                0x00000bc5       0x2e d:/stm32/gcc-arm-none-eabi-10-2020-q4-major/bin/../lib/gcc/arm-none-eabi/10.2.1/../../../../arm-none-eabi/lib/thumb/v7e-m/nofp\libg.a(lib_a-lseekr.o)
 .ARM.attributes
                0x00000bf3       0x2e d:/stm32/gcc-arm-none-eabi-10-2020-q4-major/bin/../lib/gcc/arm-none-eabi/10.2.1/../../../../arm-none-eabi/lib/thumb/v7e-m/nofp\libg.a(lib_a-mbtowc_r.o)
 .ARM.attributes
                0x00000c21       0x2e d:/stm32/gcc-arm-none-eabi-10-2020-q4-major/bin/../lib/gcc/arm-none-eabi/10.2.1/../../../../arm-none-eabi/lib/thumb/v7e-m/nofp\libg.a(lib_a-memmove.o)
 .ARM.attributes
                0x00000c4f       0x2e d:/stm32/gcc-arm-none-eabi-10-2020-q4-major/bin/../lib/gcc/arm-none-eabi/10.2.1/../../../../arm-none-eabi/lib/thumb/v7e-m/nofp\libg.a(lib_a-readr.o)
 .ARM.attributes
                0x00000c7d       0x2e d:/stm32/gcc-arm-none-eabi-10-2020-q4-major/bin/../lib/gcc/arm-none-eabi/10.2.1/../../../../arm-none-eabi/lib/thumb/v7e-m/nofp\libg.a(lib_a-reallocr.o)
 .ARM.attributes
                0x00000cab       0x2e d:/stm32/gcc-arm-none-eabi-10-2020-q4-major/bin/../lib/gcc/arm-none-eabi/10.2.1/../../../../arm-none-eabi/lib/thumb/v7e-m/nofp\libg.a(lib_a-wcrtomb.o)
 .ARM.attributes
                0x00000cd9       0x2e d:/stm32/gcc-arm-none-eabi-10-2020-q4-major/bin/../lib/gcc/arm-none-eabi/10.2.1/../../../../arm-none-eabi/lib/thumb/v7e-m/nofp\libg.a(lib_a-wctomb_r.o)
 .ARM.attributes
                0x00000d07       0x2e d:/stm32/gcc-arm-none-eabi-10-2020-q4-major/bin/../lib/gcc/arm-none-eabi/10.2.1/../../../../arm-none-eabi/lib/thumb/v7e-m/nofp\libg.a(lib_a-abort.o)
 .ARM.attributes
                0x00000d35       0x2e d:/stm32/gcc-arm-none-eabi-10-2020-q4-major/bin/../lib/gcc/arm-none-eabi/10.2.1/../../../../arm-none-eabi/lib/thumb/v7e-m/nofp\libg.a(lib_a-ctype_.o)
 .ARM.attributes
                0x00000d63       0x2e d:/stm32/gcc-arm-none-eabi-10-2020-q4-major/bin/../lib/gcc/arm-none-eabi/10.2.1/../../../../arm-none-eabi/lib/thumb/v7e-m/nofp\libg.a(lib_a-signal.o)
 .ARM.attributes
                0x00000d91       0x2e d:/stm32/gcc-arm-none-eabi-10-2020-q4-major/bin/../lib/gcc/arm-none-eabi/10.2.1/../../../../arm-none-eabi/lib/thumb/v7e-m/nofp\libg.a(lib_a-signalr.o)
 .ARM.attributes
                0x00000dbf       0x1e d:/stm32/gcc-arm-none-eabi-10-2020-q4-major/bin/../lib/gcc/arm-none-eabi/10.2.1/thumb/v7e-m/nofp\libgcc.a(_arm_addsubdf3.o)
 .ARM.attributes
                0x00000ddd       0x1e d:/stm32/gcc-arm-none-eabi-10-2020-q4-major/bin/../lib/gcc/arm-none-eabi/10.2.1/thumb/v7e-m/nofp\libgcc.a(_arm_muldivdf3.o)
 .ARM.attributes
                0x00000dfb       0x1e d:/stm32/gcc-arm-none-eabi-10-2020-q4-major/bin/../lib/gcc/arm-none-eabi/10.2.1/thumb/v7e-m/nofp\libgcc.a(_arm_cmpdf2.o)
 .ARM.attributes
                0x00000e19       0x1e d:/stm32/gcc-arm-none-eabi-10-2020-q4-major/bin/../lib/gcc/arm-none-eabi/10.2.1/thumb/v7e-m/nofp\libgcc.a(_arm_unorddf2.o)
 .ARM.attributes
                0x00000e37       0x1e d:/stm32/gcc-arm-none-eabi-10-2020-q4-major/bin/../lib/gcc/arm-none-eabi/10.2.1/thumb/v7e-m/nofp\libgcc.a(_arm_fixdfsi.o)
 .ARM.attributes
                0x00000e55       0x1e d:/stm32/gcc-arm-none-eabi-10-2020-q4-major/bin/../lib/gcc/arm-none-eabi/10.2.1/thumb/v7e-m/nofp/crtn.o
OUTPUT(STM32_SDCARD.elf elf32-littlearm)
LOAD linker stubs
LOAD d:/stm32/gcc-arm-none-eabi-10-2020-q4-major/bin/../lib/gcc/arm-none-eabi/10.2.1/../../../../arm-none-eabi/lib/thumb/v7e-m/nofp\libc.a
LOAD d:/stm32/gcc-arm-none-eabi-10-2020-q4-major/bin/../lib/gcc/arm-none-eabi/10.2.1/../../../../arm-none-eabi/lib/thumb/v7e-m/nofp\libm.a
LOAD d:/stm32/gcc-arm-none-eabi-10-2020-q4-major/bin/../lib/gcc/arm-none-eabi/10.2.1/thumb/v7e-m/nofp\libgcc.a

.debug_info     0x00000000     0xe2b1
 .debug_info    0x00000000     0x10f7 CMakeFiles/STM32_SDCARD.elf.dir/Core/Src/ILI9341.c.obj
 .debug_info    0x000010f7      0x4fa CMakeFiles/STM32_SDCARD.elf.dir/Core/Src/gpio.c.obj
 .debug_info    0x000015f1      0x80a CMakeFiles/STM32_SDCARD.elf.dir/Core/Src/main.c.obj
 .debug_info    0x00001dfb     0x24ad CMakeFiles/STM32_SDCARD.elf.dir/Core/Src/nes.c.obj
 .debug_info    0x000042a8      0x873 CMakeFiles/STM32_SDCARD.elf.dir/Core/Src/spi.c.obj
 .debug_info    0x00004b1b      0xdee CMakeFiles/STM32_SDCARD.elf.dir/Core/Src/stm32f4xx_hal_msp.c.obj
 .debug_info    0x00005909      0x3f4 CMakeFiles/STM32_SDCARD.elf.dir/Core/Src/stm32f4xx_it.c.obj
 .debug_info    0x00005cfd      0x835 CMakeFiles/STM32_SDCARD.elf.dir/Core/Src/syscalls.c.obj
 .debug_info    0x00006532      0x3a9 CMakeFiles/STM32_SDCARD.elf.dir/Core/Src/system_stm32f4xx.c.obj
 .debug_info    0x000068db      0x67c CMakeFiles/STM32_SDCARD.elf.dir/Core/Src/usart.c.obj
 .debug_info    0x00006f57      0x982 CMakeFiles/STM32_SDCARD.elf.dir/Drivers/STM32F4xx_HAL_Driver/Src/stm32f4xx_hal.c.obj
 .debug_info    0x000078d9     0x1008 CMakeFiles/STM32_SDCARD.elf.dir/Drivers/STM32F4xx_HAL_Driver/Src/stm32f4xx_hal_cortex.c.obj
 .debug_info    0x000088e1      0xb37 CMakeFiles/STM32_SDCARD.elf.dir/Drivers/STM32F4xx_HAL_Driver/Src/stm32f4xx_hal_dma.c.obj
 .debug_info    0x00009418      0x7d4 CMakeFiles/STM32_SDCARD.elf.dir/Drivers/STM32F4xx_HAL_Driver/Src/stm32f4xx_hal_gpio.c.obj
 .debug_info    0x00009bec      0xb2b CMakeFiles/STM32_SDCARD.elf.dir/Drivers/STM32F4xx_HAL_Driver/Src/stm32f4xx_hal_rcc.c.obj
 .debug_info    0x0000a717     0x1e8e CMakeFiles/STM32_SDCARD.elf.dir/Drivers/STM32F4xx_HAL_Driver/Src/stm32f4xx_hal_spi.c.obj
 .debug_info    0x0000c5a5     0x1cea CMakeFiles/STM32_SDCARD.elf.dir/Drivers/STM32F4xx_HAL_Driver/Src/stm32f4xx_hal_uart.c.obj
 .debug_info    0x0000e28f       0x22 CMakeFiles/STM32_SDCARD.elf.dir/startup/startup_stm32f411xe.s.obj

.debug_abbrev   0x00000000     0x234e
 .debug_abbrev  0x00000000      0x22a CMakeFiles/STM32_SDCARD.elf.dir/Core/Src/ILI9341.c.obj
 .debug_abbrev  0x0000022a      0x14e CMakeFiles/STM32_SDCARD.elf.dir/Core/Src/gpio.c.obj
 .debug_abbrev  0x00000378      0x1e5 CMakeFiles/STM32_SDCARD.elf.dir/Core/Src/main.c.obj
 .debug_abbrev  0x0000055d      0x2e4 CMakeFiles/STM32_SDCARD.elf.dir/Core/Src/nes.c.obj
 .debug_abbrev  0x00000841      0x1ea CMakeFiles/STM32_SDCARD.elf.dir/Core/Src/spi.c.obj
 .debug_abbrev  0x00000a2b      0x1cd CMakeFiles/STM32_SDCARD.elf.dir/Core/Src/stm32f4xx_hal_msp.c.obj
 .debug_abbrev  0x00000bf8      0x138 CMakeFiles/STM32_SDCARD.elf.dir/Core/Src/stm32f4xx_it.c.obj
 .debug_abbrev  0x00000d30      0x1da CMakeFiles/STM32_SDCARD.elf.dir/Core/Src/syscalls.c.obj
 .debug_abbrev  0x00000f0a      0x119 CMakeFiles/STM32_SDCARD.elf.dir/Core/Src/system_stm32f4xx.c.obj
 .debug_abbrev  0x00001023      0x1aa CMakeFiles/STM32_SDCARD.elf.dir/Core/Src/usart.c.obj
 .debug_abbrev  0x000011cd      0x237 CMakeFiles/STM32_SDCARD.elf.dir/Drivers/STM32F4xx_HAL_Driver/Src/stm32f4xx_hal.c.obj
 .debug_abbrev  0x00001404      0x36a CMakeFiles/STM32_SDCARD.elf.dir/Drivers/STM32F4xx_HAL_Driver/Src/stm32f4xx_hal_cortex.c.obj
 .debug_abbrev  0x0000176e      0x282 CMakeFiles/STM32_SDCARD.elf.dir/Drivers/STM32F4xx_HAL_Driver/Src/stm32f4xx_hal_dma.c.obj
 .debug_abbrev  0x000019f0      0x1ef CMakeFiles/STM32_SDCARD.elf.dir/Drivers/STM32F4xx_HAL_Driver/Src/stm32f4xx_hal_gpio.c.obj
 .debug_abbrev  0x00001bdf      0x28a CMakeFiles/STM32_SDCARD.elf.dir/Drivers/STM32F4xx_HAL_Driver/Src/stm32f4xx_hal_rcc.c.obj
 .debug_abbrev  0x00001e69      0x24e CMakeFiles/STM32_SDCARD.elf.dir/Drivers/STM32F4xx_HAL_Driver/Src/stm32f4xx_hal_spi.c.obj
 .debug_abbrev  0x000020b7      0x285 CMakeFiles/STM32_SDCARD.elf.dir/Drivers/STM32F4xx_HAL_Driver/Src/stm32f4xx_hal_uart.c.obj
 .debug_abbrev  0x0000233c       0x12 CMakeFiles/STM32_SDCARD.elf.dir/startup/startup_stm32f411xe.s.obj

.debug_loc      0x00000000     0x8752
 .debug_loc     0x00000000      0x3db CMakeFiles/STM32_SDCARD.elf.dir/Core/Src/ILI9341.c.obj
 .debug_loc     0x000003db     0x1ecd CMakeFiles/STM32_SDCARD.elf.dir/Core/Src/nes.c.obj
 .debug_loc     0x000022a8       0x6b CMakeFiles/STM32_SDCARD.elf.dir/Core/Src/spi.c.obj
 .debug_loc     0x00002313      0x13c CMakeFiles/STM32_SDCARD.elf.dir/Core/Src/stm32f4xx_hal_msp.c.obj
 .debug_loc     0x0000244f      0x436 CMakeFiles/STM32_SDCARD.elf.dir/Core/Src/syscalls.c.obj
 .debug_loc     0x00002885      0x158 CMakeFiles/STM32_SDCARD.elf.dir/Core/Src/system_stm32f4xx.c.obj
 .debug_loc     0x000029dd       0x23 CMakeFiles/STM32_SDCARD.elf.dir/Core/Src/usart.c.obj
 .debug_loc     0x00002a00      0x141 CMakeFiles/STM32_SDCARD.elf.dir/Drivers/STM32F4xx_HAL_Driver/Src/stm32f4xx_hal.c.obj
 .debug_loc     0x00002b41      0x744 CMakeFiles/STM32_SDCARD.elf.dir/Drivers/STM32F4xx_HAL_Driver/Src/stm32f4xx_hal_cortex.c.obj
 .debug_loc     0x00003285      0xbf9 CMakeFiles/STM32_SDCARD.elf.dir/Drivers/STM32F4xx_HAL_Driver/Src/stm32f4xx_hal_dma.c.obj
 .debug_loc     0x00003e7e      0x520 CMakeFiles/STM32_SDCARD.elf.dir/Drivers/STM32F4xx_HAL_Driver/Src/stm32f4xx_hal_gpio.c.obj
 .debug_loc     0x0000439e      0x58c CMakeFiles/STM32_SDCARD.elf.dir/Drivers/STM32F4xx_HAL_Driver/Src/stm32f4xx_hal_rcc.c.obj
 .debug_loc     0x0000492a     0x1ded CMakeFiles/STM32_SDCARD.elf.dir/Drivers/STM32F4xx_HAL_Driver/Src/stm32f4xx_hal_spi.c.obj
 .debug_loc     0x00006717     0x203b CMakeFiles/STM32_SDCARD.elf.dir/Drivers/STM32F4xx_HAL_Driver/Src/stm32f4xx_hal_uart.c.obj

.debug_aranges  0x00000000      0xb30
 .debug_aranges
                0x00000000       0x68 CMakeFiles/STM32_SDCARD.elf.dir/Core/Src/ILI9341.c.obj
 .debug_aranges
                0x00000068       0x20 CMakeFiles/STM32_SDCARD.elf.dir/Core/Src/gpio.c.obj
 .debug_aranges
                0x00000088       0x38 CMakeFiles/STM32_SDCARD.elf.dir/Core/Src/main.c.obj
 .debug_aranges
                0x000000c0      0x168 CMakeFiles/STM32_SDCARD.elf.dir/Core/Src/nes.c.obj
 .debug_aranges
                0x00000228       0x58 CMakeFiles/STM32_SDCARD.elf.dir/Core/Src/spi.c.obj
 .debug_aranges
                0x00000280       0x40 CMakeFiles/STM32_SDCARD.elf.dir/Core/Src/stm32f4xx_hal_msp.c.obj
 .debug_aranges
                0x000002c0       0x68 CMakeFiles/STM32_SDCARD.elf.dir/Core/Src/stm32f4xx_it.c.obj
 .debug_aranges
                0x00000328       0xb0 CMakeFiles/STM32_SDCARD.elf.dir/Core/Src/syscalls.c.obj
 .debug_aranges
                0x000003d8       0x28 CMakeFiles/STM32_SDCARD.elf.dir/Core/Src/system_stm32f4xx.c.obj
 .debug_aranges
                0x00000400       0x30 CMakeFiles/STM32_SDCARD.elf.dir/Core/Src/usart.c.obj
 .debug_aranges
                0x00000430       0xf0 CMakeFiles/STM32_SDCARD.elf.dir/Drivers/STM32F4xx_HAL_Driver/Src/stm32f4xx_hal.c.obj
 .debug_aranges